Archive member included to satisfy reference by file (symbol)

/usr/lib/x86_64-linux-gnu/libc_nonshared.a(elf-init.oS)
                              /usr/lib/gcc/x86_64-linux-gnu/5/../../../x86_64-linux-gnu/crt1.o (__libc_csu_init)

As-needed library included to satisfy reference by file (symbol)

libm.so.6                     build/py/objint.o (__fpclassify@@GLIBC_2.2.5)

Allocating common symbols
Common symbol       size              file

mp_state_ctx        0x348             build/py/mpstate.o

Discarded input sections

 .rodata.cst4   0x0000000000000000        0x4 /usr/lib/gcc/x86_64-linux-gnu/5/../../../x86_64-linux-gnu/crt1.o
 .data          0x0000000000000000        0x4 /usr/lib/gcc/x86_64-linux-gnu/5/../../../x86_64-linux-gnu/crt1.o
 .bss           0x0000000000000000        0x0 /usr/lib/gcc/x86_64-linux-gnu/5/../../../x86_64-linux-gnu/crt1.o
 .note.GNU-stack
                0x0000000000000000        0x0 /usr/lib/gcc/x86_64-linux-gnu/5/../../../x86_64-linux-gnu/crt1.o
 .text          0x0000000000000000        0x0 /usr/lib/gcc/x86_64-linux-gnu/5/../../../x86_64-linux-gnu/crti.o
 .data          0x0000000000000000        0x0 /usr/lib/gcc/x86_64-linux-gnu/5/../../../x86_64-linux-gnu/crti.o
 .bss           0x0000000000000000        0x0 /usr/lib/gcc/x86_64-linux-gnu/5/../../../x86_64-linux-gnu/crti.o
 .note.GNU-stack
                0x0000000000000000        0x0 /usr/lib/gcc/x86_64-linux-gnu/5/../../../x86_64-linux-gnu/crti.o
 .data          0x0000000000000000        0x8 /usr/lib/gcc/x86_64-linux-gnu/5/crtbegin.o
 .text.unlikely
                0x0000000000000000        0x0 /usr/lib/gcc/x86_64-linux-gnu/5/crtbegin.o
 .note.GNU-stack
                0x0000000000000000        0x0 /usr/lib/gcc/x86_64-linux-gnu/5/crtbegin.o
 .text          0x0000000000000000        0x0 build/py/mpstate.o
 .data          0x0000000000000000        0x0 build/py/mpstate.o
 .bss           0x0000000000000000        0x0 build/py/mpstate.o
 .note.GNU-stack
                0x0000000000000000        0x0 build/py/mpstate.o
 .text          0x0000000000000000        0x0 build/py/nlrx86.o
 .data          0x0000000000000000        0x0 build/py/nlrx86.o
 .bss           0x0000000000000000        0x0 build/py/nlrx86.o
 .comment       0x0000000000000000       0x35 build/py/nlrx86.o
 .note.GNU-stack
                0x0000000000000000        0x0 build/py/nlrx86.o
 .text          0x0000000000000000        0x0 build/py/nlrx64.o
 .data          0x0000000000000000        0x0 build/py/nlrx64.o
 .bss           0x0000000000000000        0x0 build/py/nlrx64.o
 .text.unlikely.nlr_push
                0x0000000000000000        0x0 build/py/nlrx64.o
 .text.unlikely.nlr_push_tail
                0x0000000000000000        0x0 build/py/nlrx64.o
 .text.unlikely.nlr_pop
                0x0000000000000000        0x0 build/py/nlrx64.o
 .text.unlikely.nlr_jump
                0x0000000000000000        0x0 build/py/nlrx64.o
 .note.GNU-stack
                0x0000000000000000        0x0 build/py/nlrx64.o
 .text          0x0000000000000000        0x0 build/py/nlrthumb.o
 .data          0x0000000000000000        0x0 build/py/nlrthumb.o
 .bss           0x0000000000000000        0x0 build/py/nlrthumb.o
 .comment       0x0000000000000000       0x35 build/py/nlrthumb.o
 .note.GNU-stack
                0x0000000000000000        0x0 build/py/nlrthumb.o
 .text          0x0000000000000000        0x0 build/py/nlrxtensa.o
 .data          0x0000000000000000        0x0 build/py/nlrxtensa.o
 .bss           0x0000000000000000        0x0 build/py/nlrxtensa.o
 .comment       0x0000000000000000       0x35 build/py/nlrxtensa.o
 .note.GNU-stack
                0x0000000000000000        0x0 build/py/nlrxtensa.o
 .text          0x0000000000000000        0x0 build/py/nlrsetjmp.o
 .data          0x0000000000000000        0x0 build/py/nlrsetjmp.o
 .bss           0x0000000000000000        0x0 build/py/nlrsetjmp.o
 .comment       0x0000000000000000       0x35 build/py/nlrsetjmp.o
 .note.GNU-stack
                0x0000000000000000        0x0 build/py/nlrsetjmp.o
 .text          0x0000000000000000        0x0 build/py/malloc.o
 .data          0x0000000000000000        0x0 build/py/malloc.o
 .bss           0x0000000000000000        0x0 build/py/malloc.o
 .text.unlikely.m_malloc
                0x0000000000000000        0x0 build/py/malloc.o
 .text.unlikely.m_malloc_maybe
                0x0000000000000000        0x0 build/py/malloc.o
 .text.unlikely.m_malloc0
                0x0000000000000000        0x0 build/py/malloc.o
 .text.unlikely.m_realloc
                0x0000000000000000        0x0 build/py/malloc.o
 .text.unlikely.m_realloc_maybe
                0x0000000000000000        0x0 build/py/malloc.o
 .text.unlikely.m_free
                0x0000000000000000        0x0 build/py/malloc.o
 .note.GNU-stack
                0x0000000000000000        0x0 build/py/malloc.o
 .text          0x0000000000000000        0x0 build/py/gc.o
 .data          0x0000000000000000        0x0 build/py/gc.o
[...]
Memory Configuration

Name             Origin             Length             Attributes
*default*        0x0000000000000000 0xffffffffffffffff

Linker script and memory map

LOAD /usr/lib/gcc/x86_64-linux-gnu/5/../../../x86_64-linux-gnu/crt1.o
LOAD /usr/lib/gcc/x86_64-linux-gnu/5/../../../x86_64-linux-gnu/crti.o
LOAD /usr/lib/gcc/x86_64-linux-gnu/5/crtbegin.o
LOAD build/py/mpstate.o
LOAD build/py/nlrx86.o
LOAD build/py/nlrx64.o
LOAD build/py/nlrthumb.o
LOAD build/py/nlrxtensa.o
LOAD build/py/nlrsetjmp.o
LOAD build/py/malloc.o
LOAD build/py/gc.o
LOAD build/py/qstr.o
LOAD build/py/vstr.o
LOAD build/py/mpprint.o
LOAD build/py/unicode.o
LOAD build/py/mpz.o
LOAD build/py/reader.o
LOAD build/py/lexer.o
LOAD build/py/parse.o
LOAD build/py/scope.o
LOAD build/py/compile.o
LOAD build/py/emitcommon.o
LOAD build/py/emitbc.o
LOAD build/py/asmbase.o
LOAD build/py/asmx64.o
LOAD build/py/emitnx64.o
LOAD build/py/asmx86.o
LOAD build/py/emitnx86.o
LOAD build/py/asmthumb.o
LOAD build/py/emitnthumb.o
LOAD build/py/emitinlinethumb.o
LOAD build/py/asmarm.o
LOAD build/py/emitnarm.o
LOAD build/py/asmxtensa.o
LOAD build/py/emitnxtensa.o
LOAD build/py/emitinlinextensa.o
LOAD build/py/formatfloat.o
LOAD build/py/parsenumbase.o
LOAD build/py/parsenum.o
LOAD build/py/emitglue.o
LOAD build/py/persistentcode.o
LOAD build/py/runtime.o
LOAD build/py/runtime_utils.o
LOAD build/py/scheduler.o
LOAD build/py/nativeglue.o
LOAD build/py/stackctrl.o
LOAD build/py/argcheck.o
LOAD build/py/warning.o
LOAD build/py/map.o
LOAD build/py/obj.o
LOAD build/py/objarray.o
LOAD build/py/objattrtuple.o
LOAD build/py/objbool.o
LOAD build/py/objboundmeth.o
LOAD build/py/objcell.o
LOAD build/py/objclosure.o
LOAD build/py/objcomplex.o
LOAD build/py/objdict.o
LOAD build/py/objenumerate.o
LOAD build/py/objexcept.o
LOAD build/py/objfilter.o
LOAD build/py/objfloat.o
LOAD build/py/objfun.o
LOAD build/py/objgenerator.o
LOAD build/py/objgetitemiter.o
LOAD build/py/objint.o
LOAD build/py/objint_longlong.o
LOAD build/py/objint_mpz.o
LOAD build/py/objlist.o
LOAD build/py/objmap.o
LOAD build/py/objmodule.o
LOAD build/py/objobject.o
LOAD build/py/objpolyiter.o
LOAD build/py/objproperty.o
LOAD build/py/objnone.o
LOAD build/py/objnamedtuple.o
LOAD build/py/objrange.o
LOAD build/py/objreversed.o
LOAD build/py/objset.o
LOAD build/py/objsingleton.o
LOAD build/py/objslice.o
LOAD build/py/objstr.o
LOAD build/py/objstrunicode.o
LOAD build/py/objstringio.o
LOAD build/py/objtuple.o
LOAD build/py/objtype.o
LOAD build/py/objzip.o
LOAD build/py/opmethods.o
LOAD build/py/sequence.o
LOAD build/py/stream.o
LOAD build/py/binary.o
LOAD build/py/builtinimport.o
LOAD build/py/builtinevex.o
LOAD build/py/builtinhelp.o
LOAD build/py/modarray.o
LOAD build/py/modbuiltins.o
LOAD build/py/modcollections.o
LOAD build/py/modgc.o
LOAD build/py/modio.o
LOAD build/py/modmath.o
LOAD build/py/modcmath.o
LOAD build/py/modmicropython.o
LOAD build/py/modstruct.o
LOAD build/py/modsys.o
LOAD build/py/moduerrno.o
LOAD build/py/modthread.o
LOAD build/py/vm.o
LOAD build/py/bc.o
LOAD build/py/showbc.o
LOAD build/py/repl.o
LOAD build/py/smallint.o
LOAD build/py/frozenmod.o
LOAD build/py/../extmod/moductypes.o
LOAD build/py/../extmod/modujson.o
LOAD build/py/../extmod/modure.o
LOAD build/py/../extmod/moduzlib.o
LOAD build/py/../extmod/moduheapq.o
LOAD build/py/../extmod/modutimeq.o
LOAD build/py/../extmod/moduhashlib.o
LOAD build/py/../extmod/modubinascii.o
LOAD build/py/../extmod/virtpin.o
LOAD build/py/../extmod/machine_mem.o
LOAD build/py/../extmod/machine_pinbase.o
LOAD build/py/../extmod/machine_signal.o
LOAD build/py/../extmod/machine_pulse.o
LOAD build/py/../extmod/machine_i2c.o
LOAD build/py/../extmod/machine_spi.o
LOAD build/py/../extmod/modussl_axtls.o
LOAD build/py/../extmod/modussl_mbedtls.o
LOAD build/py/../extmod/modurandom.o
LOAD build/py/../extmod/moduselect.o
LOAD build/py/../extmod/modwebsocket.o
LOAD build/py/../extmod/modwebrepl.o
LOAD build/py/../extmod/modframebuf.o
LOAD build/py/../extmod/vfs.o
LOAD build/py/../extmod/vfs_reader.o
LOAD build/py/../extmod/vfs_fat.o
LOAD build/py/../extmod/vfs_fat_diskio.o
LOAD build/py/../extmod/vfs_fat_file.o
LOAD build/py/../extmod/vfs_fat_misc.o
LOAD build/py/../extmod/utime_mphal.o
LOAD build/py/../extmod/uos_dupterm.o
LOAD build/py/../lib/embed/abort_.o
LOAD build/py/../lib/utils/printf.o
LOAD build/main.o
LOAD build/gccollect.o
LOAD /usr/lib/gcc/x86_64-linux-gnu/5/../../../x86_64-linux-gnu/libm.so
START GROUP
LOAD /lib/x86_64-linux-gnu/libm.so.6
LOAD /usr/lib/x86_64-linux-gnu/libmvec_nonshared.a
LOAD /lib/x86_64-linux-gnu/libmvec.so.1
END GROUP
LOAD /usr/lib/gcc/x86_64-linux-gnu/5/libgcc.a
LOAD /usr/lib/gcc/x86_64-linux-gnu/5/libgcc_s.so
LOAD /usr/lib/gcc/x86_64-linux-gnu/5/../../../x86_64-linux-gnu/libc.so
START GROUP
LOAD /lib/x86_64-linux-gnu/libc.so.6
LOAD /usr/lib/x86_64-linux-gnu/libc_nonshared.a
LOAD /lib/x86_64-linux-gnu/ld-linux-x86-64.so.2
END GROUP
LOAD /usr/lib/gcc/x86_64-linux-gnu/5/libgcc.a
LOAD /usr/lib/gcc/x86_64-linux-gnu/5/libgcc_s.so
LOAD /usr/lib/gcc/x86_64-linux-gnu/5/crtend.o
LOAD /usr/lib/gcc/x86_64-linux-gnu/5/../../../x86_64-linux-gnu/crtn.o
                [!provide]                        PROVIDE (__executable_start, 0x400000)
                0x0000000000400238                . = (0x400000 + SIZEOF_HEADERS)

.interp         0x0000000000400238       0x1c
 *(.interp)
 .interp        0x0000000000400238       0x1c /usr/lib/gcc/x86_64-linux-gnu/5/../../../x86_64-linux-gnu/crt1.o

.note.ABI-tag   0x0000000000400254       0x20
 .note.ABI-tag  0x0000000000400254       0x20 /usr/lib/gcc/x86_64-linux-gnu/5/../../../x86_64-linux-gnu/crt1.o

.note.gnu.build-id
                0x0000000000400274       0x24
 *(.note.gnu.build-id)
 .note.gnu.build-id
                0x0000000000400274       0x24 /usr/lib/gcc/x86_64-linux-gnu/5/../../../x86_64-linux-gnu/crt1.o

.hash
 *(.hash)

.gnu.hash       0x0000000000400298       0x1c
 *(.gnu.hash)
 .gnu.hash      0x0000000000400298       0x1c /usr/lib/gcc/x86_64-linux-gnu/5/../../../x86_64-linux-gnu/crt1.o

.dynsym         0x00000000004002b8      0x330
 *(.dynsym)
 .dynsym        0x00000000004002b8      0x330 /usr/lib/gcc/x86_64-linux-gnu/5/../../../x86_64-linux-gnu/crt1.o

.dynstr         0x00000000004005e8      0x181
 *(.dynstr)
 .dynstr        0x00000000004005e8      0x181 /usr/lib/gcc/x86_64-linux-gnu/5/../../../x86_64-linux-gnu/crt1.o

.gnu.version    0x000000000040076a       0x44
 *(.gnu.version)
 .gnu.version   0x000000000040076a       0x44 /usr/lib/gcc/x86_64-linux-gnu/5/../../../x86_64-linux-gnu/crt1.o

.gnu.version_d  0x00000000004007b0        0x0
 *(.gnu.version_d)
 .gnu.version_d
                0x00000000004007b0        0x0 /usr/lib/gcc/x86_64-linux-gnu/5/../../../x86_64-linux-gnu/crt1.o

.gnu.version_r  0x00000000004007b0       0x70
 *(.gnu.version_r)
 .gnu.version_r
                0x00000000004007b0       0x70 /usr/lib/gcc/x86_64-linux-gnu/5/../../../x86_64-linux-gnu/crt1.o

.rela.dyn       0x0000000000400820       0x18
 *(.rela.init)
 *(.rela.text .rela.text.* .rela.gnu.linkonce.t.*)
 .rela.text     0x0000000000400820        0x0 /usr/lib/gcc/x86_64-linux-gnu/5/../../../x86_64-linux-gnu/crt1.o
 .rela.text.nlr_push_tail
                0x0000000000400820        0x0 /usr/lib/gcc/x86_64-linux-gnu/5/../../../x86_64-linux-gnu/crt1.o
 .rela.text.nlr_pop
                0x0000000000400820        0x0 /usr/lib/gcc/x86_64-linux-gnu/5/../../../x86_64-linux-gnu/crt1.o
 .rela.text.nlr_jump
                0x0000000000400820        0x0 /usr/lib/gcc/x86_64-linux-gnu/5/../../../x86_64-linux-gnu/crt1.o
 .rela.text.m_malloc
                0x0000000000400820        0x0 /usr/lib/gcc/x86_64-linux-gnu/5/../../../x86_64-linux-gnu/crt1.o
 .rela.text.m_malloc_maybe
                0x0000000000400820        0x0 /usr/lib/gcc/x86_64-linux-gnu/5/../../../x86_64-linux-gnu/crt1.o
 .rela.text.m_malloc0
                0x0000000000400820        0x0 /usr/lib/gcc/x86_64-linux-gnu/5/../../../x86_64-linux-gnu/crt1.o
 .rela.text.m_realloc
                0x0000000000400820        0x0 /usr/lib/gcc/x86_64-linux-gnu/5/../../../x86_64-linux-gnu/crt1.o
 .rela.text.m_realloc_maybe
                0x0000000000400820        0x0 /usr/lib/gcc/x86_64-linux-gnu/5/../../../x86_64-linux-gnu/crt1.o
 .rela.text.m_free
                0x0000000000400820        0x0 /usr/lib/gcc/x86_64-linux-gnu/5/../../../x86_64-linux-gnu/crt1.o
 .rela.text.gc_drain_stack
                0x0000000000400820        0x0 /usr/lib/gcc/x86_64-linux-gnu/5/../../../x86_64-linux-gnu/crt1.o
 .rela.text.gc_free.part.0
                0x0000000000400820        0x0 /usr/lib/gcc/x86_64-linux-gnu/5/../../../x86_64-linux-gnu/crt1.o
 .rela.text.gc_init
                0x0000000000400820        0x0 /usr/lib/gcc/x86_64-linux-gnu/5/../../../x86_64-linux-gnu/crt1.o
 .rela.text.gc_lock
                0x0000000000400820        0x0 /usr/lib/gcc/x86_64-linux-gnu/5/../../../x86_64-linux-gnu/crt1.o
 .rela.text.gc_unlock
                0x0000000000400820        0x0 /usr/lib/gcc/x86_64-linux-gnu/5/../../../x86_64-linux-gnu/crt1.o
 .rela.text.gc_is_locked
                0x0000000000400820        0x0 /usr/lib/gcc/x86_64-linux-gnu/5/../../../x86_64-linux-gnu/crt1.o
 .rela.text.gc_collect_start
                0x0000000000400820        0x0 /usr/lib/gcc/x86_64-linux-gnu/5/../../../x86_64-linux-gnu/crt1.o
 .rela.text.gc_collect_root
                0x0000000000400820        0x0 /usr/lib/gcc/x86_64-linux-gnu/5/../../../x86_64-linux-gnu/crt1.o
 .rela.text.gc_collect_end
                0x0000000000400820        0x0 /usr/lib/gcc/x86_64-linux-gnu/5/../../../x86_64-linux-gnu/crt1.o
 .rela.text.gc_info
                0x0000000000400820        0x0 /usr/lib/gcc/x86_64-linux-gnu/5/../../../x86_64-linux-gnu/crt1.o
 .rela.text.gc_alloc
                0x0000000000400820        0x0 /usr/lib/gcc/x86_64-linux-gnu/5/../../../x86_64-linux-gnu/crt1.o
 .rela.text.gc_free
                0x0000000000400820        0x0 /usr/lib/gcc/x86_64-linux-gnu/5/../../../x86_64-linux-gnu/crt1.o
 .rela.text.gc_nbytes
                0x0000000000400820        0x0 /usr/lib/gcc/x86_64-linux-gnu/5/../../../x86_64-linux-gnu/crt1.o
 .rela.text.gc_realloc
                0x0000000000400820        0x0 /usr/lib/gcc/x86_64-linux-gnu/5/../../../x86_64-linux-gnu/crt1.o
 .rela.text.gc_dump_info
                0x0000000000400820        0x0 /usr/lib/gcc/x86_64-linux-gnu/5/../../../x86_64-linux-gnu/crt1.o
 .rela.text.gc_dump_alloc_table
                0x0000000000400820        0x0 /usr/lib/gcc/x86_64-linux-gnu/5/../../../x86_64-linux-gnu/crt1.o
 .rela.text.find_qstr
                0x0000000000400820        0x0 /usr/lib/gcc/x86_64-linux-gnu/5/../../../x86_64-linux-gnu/crt1.o
 .rela.text.qstr_add
                0x0000000000400820        0x0 /usr/lib/gcc/x86_64-linux-gnu/5/../../../x86_64-linux-gnu/crt1.o
 .rela.text.qstr_init
                0x0000000000400820        0x0 /usr/lib/gcc/x86_64-linux-gnu/5/../../../x86_64-linux-gnu/crt1.o
 .rela.text.qstr_find_strn
                0x0000000000400820        0x0 /usr/lib/gcc/x86_64-linux-gnu/5/../../../x86_64-linux-gnu/crt1.o
 .rela.text.qstr_from_strn
                0x0000000000400820        0x0 /usr/lib/gcc/x86_64-linux-gnu/5/../../../x86_64-linux-gnu/crt1.o
 .rela.text.qstr_build_start
                0x0000000000400820        0x0 /usr/lib/gcc/x86_64-linux-gnu/5/../../../x86_64-linux-gnu/crt1.o
 .rela.text.qstr_pool_info
                0x0000000000400820        0x0 /usr/lib/gcc/x86_64-linux-gnu/5/../../../x86_64-linux-gnu/crt1.o
 .rela.text.vstr_ensure_extra
                0x0000000000400820        0x0 /usr/lib/gcc/x86_64-linux-gnu/5/../../../x86_64-linux-gnu/crt1.o
 .rela.text.vstr_add_strn
                0x0000000000400820        0x0 /usr/lib/gcc/x86_64-linux-gnu/5/../../../x86_64-linux-gnu/crt1.o
 .rela.text.vstr_ins_blank_bytes.constprop.2
                0x0000000000400820        0x0 /usr/lib/gcc/x86_64-linux-gnu/5/../../../x86_64-linux-gnu/crt1.o
 .rela.text.vstr_extend
                0x0000000000400820        0x0 /usr/lib/gcc/x86_64-linux-gnu/5/../../../x86_64-linux-gnu/crt1.o
 .rela.text.vstr_add_char
                0x0000000000400820        0x0 /usr/lib/gcc/x86_64-linux-gnu/5/../../../x86_64-linux-gnu/crt1.o
 .rela.text.vstr_cut_out_bytes
                0x0000000000400820        0x0 /usr/lib/gcc/x86_64-linux-gnu/5/../../../x86_64-linux-gnu/crt1.o
 .rela.text.vstr_vprintf
                0x0000000000400820        0x0 /usr/lib/gcc/x86_64-linux-gnu/5/../../../x86_64-linux-gnu/crt1.o
 .rela.text.vstr_printf
                0x0000000000400820        0x0 /usr/lib/gcc/x86_64-linux-gnu/5/../../../x86_64-linux-gnu/crt1.o
 .rela.text.mp_print_int
                0x0000000000400820        0x0 /usr/lib/gcc/x86_64-linux-gnu/5/../../../x86_64-linux-gnu/crt1.o
 .rela.text.mp_print_mp_int
                0x0000000000400820        0x0 /usr/lib/gcc/x86_64-linux-gnu/5/../../../x86_64-linux-gnu/crt1.o
 .rela.text.mp_print_float
                0x0000000000400820        0x0 /usr/lib/gcc/x86_64-linux-gnu/5/../../../x86_64-linux-gnu/crt1.o
 .rela.text.mp_vprintf
                0x0000000000400820        0x0 /usr/lib/gcc/x86_64-linux-gnu/5/../../../x86_64-linux-gnu/crt1.o
 .rela.text.mp_printf
                0x0000000000400820        0x0 /usr/lib/gcc/x86_64-linux-gnu/5/../../../x86_64-linux-gnu/crt1.o
 .rela.text.mpz_need_dig
                0x0000000000400820        0x0 /usr/lib/gcc/x86_64-linux-gnu/5/../../../x86_64-linux-gnu/crt1.o
 .rela.text.mpz_set_from_str
                0x0000000000400820        0x0 /usr/lib/gcc/x86_64-linux-gnu/5/../../../x86_64-linux-gnu/crt1.o
 .rela.text.mpz_not_inpl
                0x0000000000400820        0x0 /usr/lib/gcc/x86_64-linux-gnu/5/../../../x86_64-linux-gnu/crt1.o
 .rela.text.mpz_shr_inpl
                0x0000000000400820        0x0 /usr/lib/gcc/x86_64-linux-gnu/5/../../../x86_64-linux-gnu/crt1.o
 .rela.text.mpz_or_inpl
                0x0000000000400820        0x0 /usr/lib/gcc/x86_64-linux-gnu/5/../../../x86_64-linux-gnu/crt1.o
 .rela.text.mpz_divmod_inpl
                0x0000000000400820        0x0 /usr/lib/gcc/x86_64-linux-gnu/5/../../../x86_64-linux-gnu/crt1.o
 .rela.text.mpz_pow3_inpl
                0x0000000000400820        0x0 /usr/lib/gcc/x86_64-linux-gnu/5/../../../x86_64-linux-gnu/crt1.o
 .rela.text.mp_reader_posix_close
                0x0000000000400820        0x0 /usr/lib/gcc/x86_64-linux-gnu/5/../../../x86_64-linux-gnu/crt1.o
 .rela.text.mp_reader_posix_readbyte
                0x0000000000400820        0x0 /usr/lib/gcc/x86_64-linux-gnu/5/../../../x86_64-linux-gnu/crt1.o
 .rela.text.mp_reader_new_file_from_fd
                0x0000000000400820        0x0 /usr/lib/gcc/x86_64-linux-gnu/5/../../../x86_64-linux-gnu/crt1.o
 .rela.text.mp_reader_new_file
                0x0000000000400820        0x0 /usr/lib/gcc/x86_64-linux-gnu/5/../../../x86_64-linux-gnu/crt1.o
 .rela.text.mp_lexer_to_next
                0x0000000000400820        0x0 /usr/lib/gcc/x86_64-linux-gnu/5/../../../x86_64-linux-gnu/crt1.o
 .rela.text.mp_lexer_new_from_str_len
                0x0000000000400820        0x0 /usr/lib/gcc/x86_64-linux-gnu/5/../../../x86_64-linux-gnu/crt1.o
 .rela.text.mp_lexer_new_from_file
                0x0000000000400820        0x0 /usr/lib/gcc/x86_64-linux-gnu/5/../../../x86_64-linux-gnu/crt1.o
 .rela.text.mp_lexer_new_from_fd
                0x0000000000400820        0x0 /usr/lib/gcc/x86_64-linux-gnu/5/../../../x86_64-linux-gnu/crt1.o
 .rela.text.peek_result
                0x0000000000400820        0x0 /usr/lib/gcc/x86_64-linux-gnu/5/../../../x86_64-linux-gnu/crt1.o
 .rela.text.pop_result
                0x0000000000400820        0x0 /usr/lib/gcc/x86_64-linux-gnu/5/../../../x86_64-linux-gnu/crt1.o
 .rela.text.push_rule_from_arg
                0x0000000000400820        0x0 /usr/lib/gcc/x86_64-linux-gnu/5/../../../x86_64-linux-gnu/crt1.o
 .rela.text.push_result_token
                0x0000000000400820        0x0 /usr/lib/gcc/x86_64-linux-gnu/5/../../../x86_64-linux-gnu/crt1.o
 .rela.text.mp_parse_node_get_int_maybe
                0x0000000000400820        0x0 /usr/lib/gcc/x86_64-linux-gnu/5/../../../x86_64-linux-gnu/crt1.o
 .rela.text.push_result_rule
                0x0000000000400820        0x0 /usr/lib/gcc/x86_64-linux-gnu/5/../../../x86_64-linux-gnu/crt1.o
 .rela.text.mp_parse
                0x0000000000400820        0x0 /usr/lib/gcc/x86_64-linux-gnu/5/../../../x86_64-linux-gnu/crt1.o
 .rela.text.scope_new
                0x0000000000400820        0x0 /usr/lib/gcc/x86_64-linux-gnu/5/../../../x86_64-linux-gnu/crt1.o
 .rela.text.scope_find_local_and_close_over
                0x0000000000400820        0x0 /usr/lib/gcc/x86_64-linux-gnu/5/../../../x86_64-linux-gnu/crt1.o
 .rela.text.compile_trailer_period
                0x0000000000400820        0x0 /usr/lib/gcc/x86_64-linux-gnu/5/../../../x86_64-linux-gnu/crt1.o
 .rela.text.compile_load_id
                0x0000000000400820        0x0 /usr/lib/gcc/x86_64-linux-gnu/5/../../../x86_64-linux-gnu/crt1.o
 .rela.text.compile_store_id
                0x0000000000400820        0x0 /usr/lib/gcc/x86_64-linux-gnu/5/../../../x86_64-linux-gnu/crt1.o
 .rela.text.compile_delete_id
                0x0000000000400820        0x0 /usr/lib/gcc/x86_64-linux-gnu/5/../../../x86_64-linux-gnu/crt1.o
 .rela.text.compile_const_object
                0x0000000000400820        0x0 /usr/lib/gcc/x86_64-linux-gnu/5/../../../x86_64-linux-gnu/crt1.o
 .rela.text.close_over_variables_etc
                0x0000000000400820        0x0 /usr/lib/gcc/x86_64-linux-gnu/5/../../../x86_64-linux-gnu/crt1.o
 .rela.text.compile_funcdef_lambdef
                0x0000000000400820        0x0 /usr/lib/gcc/x86_64-linux-gnu/5/../../../x86_64-linux-gnu/crt1.o
 .rela.text.compile_decrease_except_level.isra.4
                0x0000000000400820        0x0 /usr/lib/gcc/x86_64-linux-gnu/5/../../../x86_64-linux-gnu/crt1.o
 .rela.text.compile_syntax_error
                0x0000000000400820        0x0 /usr/lib/gcc/x86_64-linux-gnu/5/../../../x86_64-linux-gnu/crt1.o
 .rela.text.compile_scope_func_lambda_param
                0x0000000000400820        0x0 /usr/lib/gcc/x86_64-linux-gnu/5/../../../x86_64-linux-gnu/crt1.o
 .rela.text.compile_node
                0x0000000000400820        0x0 /usr/lib/gcc/x86_64-linux-gnu/5/../../../x86_64-linux-gnu/crt1.o
 .rela.text.c_assign
                0x0000000000400820        0x0 /usr/lib/gcc/x86_64-linux-gnu/5/../../../x86_64-linux-gnu/crt1.o
 .rela.text.c_assign_tuple
                0x0000000000400820        0x0 /usr/lib/gcc/x86_64-linux-gnu/5/../../../x86_64-linux-gnu/crt1.o
 .rela.text.compile_trailer_bracket
                0x0000000000400820        0x0 /usr/lib/gcc/x86_64-linux-gnu/5/../../../x86_64-linux-gnu/crt1.o
 .rela.text.compile_yield_stmt
                0x0000000000400820        0x0 /usr/lib/gcc/x86_64-linux-gnu/5/../../../x86_64-linux-gnu/crt1.o
 .rela.text.compile_power
                0x0000000000400820        0x0 /usr/lib/gcc/x86_64-linux-gnu/5/../../../x86_64-linux-gnu/crt1.o
 .rela.text.compile_comprehension
                0x0000000000400820        0x0 /usr/lib/gcc/x86_64-linux-gnu/5/../../../x86_64-linux-gnu/crt1.o
 .rela.text.compile_trailer_paren_helper
                0x0000000000400820        0x0 /usr/lib/gcc/x86_64-linux-gnu/5/../../../x86_64-linux-gnu/crt1.o
 .rela.text.compile_classdef_helper
                0x0000000000400820        0x0 /usr/lib/gcc/x86_64-linux-gnu/5/../../../x86_64-linux-gnu/crt1.o
 .rela.text.compile_atom_bracket
                0x0000000000400820        0x0 /usr/lib/gcc/x86_64-linux-gnu/5/../../../x86_64-linux-gnu/crt1.o
 .rela.text.compile_subscript_3_helper
                0x0000000000400820        0x0 /usr/lib/gcc/x86_64-linux-gnu/5/../../../x86_64-linux-gnu/crt1.o
 .rela.text.compile_subscript_3
                0x0000000000400820        0x0 /usr/lib/gcc/x86_64-linux-gnu/5/../../../x86_64-linux-gnu/crt1.o
 .rela.text.compile_atom_brace
                0x0000000000400820        0x0 /usr/lib/gcc/x86_64-linux-gnu/5/../../../x86_64-linux-gnu/crt1.o
 .rela.text.c_tuple
                0x0000000000400820        0x0 /usr/lib/gcc/x86_64-linux-gnu/5/../../../x86_64-linux-gnu/crt1.o
 .rela.text.compile_atom_paren
                0x0000000000400820        0x0 /usr/lib/gcc/x86_64-linux-gnu/5/../../../x86_64-linux-gnu/crt1.o
 .rela.text.compile_decorated
                0x0000000000400820        0x0 /usr/lib/gcc/x86_64-linux-gnu/5/../../../x86_64-linux-gnu/crt1.o
 .rela.text.compile_funcdef_lambdef_param
                0x0000000000400820        0x0 /usr/lib/gcc/x86_64-linux-gnu/5/../../../x86_64-linux-gnu/crt1.o
 .rela.text.compile_atom_expr_normal
                0x0000000000400820        0x0 /usr/lib/gcc/x86_64-linux-gnu/5/../../../x86_64-linux-gnu/crt1.o
 .rela.text.compile_term
                0x0000000000400820        0x0 /usr/lib/gcc/x86_64-linux-gnu/5/../../../x86_64-linux-gnu/crt1.o
 .rela.text.c_binary_op
                0x0000000000400820        0x0 /usr/lib/gcc/x86_64-linux-gnu/5/../../../x86_64-linux-gnu/crt1.o
 .rela.text.compile_expr_stmt
                0x0000000000400820        0x0 /usr/lib/gcc/x86_64-linux-gnu/5/../../../x86_64-linux-gnu/crt1.o
 .rela.text.compile_not_test_2
                0x0000000000400820        0x0 /usr/lib/gcc/x86_64-linux-gnu/5/../../../x86_64-linux-gnu/crt1.o
 .rela.text.compile_or_and_test
                0x0000000000400820        0x0 /usr/lib/gcc/x86_64-linux-gnu/5/../../../x86_64-linux-gnu/crt1.o
 .rela.text.compile_comparison
                0x0000000000400820        0x0 /usr/lib/gcc/x86_64-linux-gnu/5/../../../x86_64-linux-gnu/crt1.o
 .rela.text.compile_for_stmt
                0x0000000000400820        0x0 /usr/lib/gcc/x86_64-linux-gnu/5/../../../x86_64-linux-gnu/crt1.o
 .rela.text.compile_with_stmt_helper
                0x0000000000400820        0x0 /usr/lib/gcc/x86_64-linux-gnu/5/../../../x86_64-linux-gnu/crt1.o
 .rela.text.compile_try_except
                0x0000000000400820        0x0 /usr/lib/gcc/x86_64-linux-gnu/5/../../../x86_64-linux-gnu/crt1.o
 .rela.text.compile_try_finally
                0x0000000000400820        0x0 /usr/lib/gcc/x86_64-linux-gnu/5/../../../x86_64-linux-gnu/crt1.o
 .rela.text.compile_try_stmt
                0x0000000000400820        0x0 /usr/lib/gcc/x86_64-linux-gnu/5/../../../x86_64-linux-gnu/crt1.o
 .rela.text.c_del_stmt
                0x0000000000400820        0x0 /usr/lib/gcc/x86_64-linux-gnu/5/../../../x86_64-linux-gnu/crt1.o
 .rela.text.c_if_cond
                0x0000000000400820        0x0 /usr/lib/gcc/x86_64-linux-gnu/5/../../../x86_64-linux-gnu/crt1.o
 .rela.text.compile_scope_comp_iter
                0x0000000000400820        0x0 /usr/lib/gcc/x86_64-linux-gnu/5/../../../x86_64-linux-gnu/crt1.o
 .rela.text.compile_scope
                0x0000000000400820        0x0 /usr/lib/gcc/x86_64-linux-gnu/5/../../../x86_64-linux-gnu/crt1.o
 .rela.text.compile_while_stmt
                0x0000000000400820        0x0 /usr/lib/gcc/x86_64-linux-gnu/5/../../../x86_64-linux-gnu/crt1.o
 .rela.text.compile_if_stmt
                0x0000000000400820        0x0 /usr/lib/gcc/x86_64-linux-gnu/5/../../../x86_64-linux-gnu/crt1.o
 .rela.text.compile_test_if_expr
                0x0000000000400820        0x0 /usr/lib/gcc/x86_64-linux-gnu/5/../../../x86_64-linux-gnu/crt1.o
 .rela.text.compile_return_stmt
                0x0000000000400820        0x0 /usr/lib/gcc/x86_64-linux-gnu/5/../../../x86_64-linux-gnu/crt1.o
 .rela.text.compile_yield_from.isra.10
                0x0000000000400820        0x0 /usr/lib/gcc/x86_64-linux-gnu/5/../../../x86_64-linux-gnu/crt1.o
 .rela.text.compile_await_object_method
                0x0000000000400820        0x0 /usr/lib/gcc/x86_64-linux-gnu/5/../../../x86_64-linux-gnu/crt1.o
 .rela.text.compile_async_with_stmt_helper
                0x0000000000400820        0x0 /usr/lib/gcc/x86_64-linux-gnu/5/../../../x86_64-linux-gnu/crt1.o
 .rela.text.compile_yield_expr
                0x0000000000400820        0x0 /usr/lib/gcc/x86_64-linux-gnu/5/../../../x86_64-linux-gnu/crt1.o
 .rela.text.compile_subscript_2
                0x0000000000400820        0x0 /usr/lib/gcc/x86_64-linux-gnu/5/../../../x86_64-linux-gnu/crt1.o
 .rela.text.compile_factor_2
                0x0000000000400820        0x0 /usr/lib/gcc/x86_64-linux-gnu/5/../../../x86_64-linux-gnu/crt1.o
 .rela.text.compile_with_stmt
                0x0000000000400820        0x0 /usr/lib/gcc/x86_64-linux-gnu/5/../../../x86_64-linux-gnu/crt1.o
 .rela.text.compile_async_stmt
                0x0000000000400820        0x0 /usr/lib/gcc/x86_64-linux-gnu/5/../../../x86_64-linux-gnu/crt1.o
 .rela.text.compile_assert_stmt
                0x0000000000400820        0x0 /usr/lib/gcc/x86_64-linux-gnu/5/../../../x86_64-linux-gnu/crt1.o
 .rela.text.compile_raise_stmt
                0x0000000000400820        0x0 /usr/lib/gcc/x86_64-linux-gnu/5/../../../x86_64-linux-gnu/crt1.o
 .rela.text.compile_nonlocal_stmt
                0x0000000000400820        0x0 /usr/lib/gcc/x86_64-linux-gnu/5/../../../x86_64-linux-gnu/crt1.o
 .rela.text.compile_global_stmt
                0x0000000000400820        0x0 /usr/lib/gcc/x86_64-linux-gnu/5/../../../x86_64-linux-gnu/crt1.o
 .rela.text.do_import_name.isra.21
                0x0000000000400820        0x0 /usr/lib/gcc/x86_64-linux-gnu/5/../../../x86_64-linux-gnu/crt1.o
 .rela.text.compile_import_from
                0x0000000000400820        0x0 /usr/lib/gcc/x86_64-linux-gnu/5/../../../x86_64-linux-gnu/crt1.o
 .rela.text.compile_dotted_as_name
                0x0000000000400820        0x0 /usr/lib/gcc/x86_64-linux-gnu/5/../../../x86_64-linux-gnu/crt1.o
 .rela.text.compile_continue_stmt
                0x0000000000400820        0x0 /usr/lib/gcc/x86_64-linux-gnu/5/../../../x86_64-linux-gnu/crt1.o
 .rela.text.compile_break_stmt
                0x0000000000400820        0x0 /usr/lib/gcc/x86_64-linux-gnu/5/../../../x86_64-linux-gnu/crt1.o
 .rela.text.mp_compile_to_raw_code
                0x0000000000400820        0x0 /usr/lib/gcc/x86_64-linux-gnu/5/../../../x86_64-linux-gnu/crt1.o
 .rela.text.mp_compile
                0x0000000000400820        0x0 /usr/lib/gcc/x86_64-linux-gnu/5/../../../x86_64-linux-gnu/crt1.o
 .rela.text.mp_emit_common_get_id_for_load
                0x0000000000400820        0x0 /usr/lib/gcc/x86_64-linux-gnu/5/../../../x86_64-linux-gnu/crt1.o
 .rela.text.mp_emit_common_get_id_for_modification
                0x0000000000400820        0x0 /usr/lib/gcc/x86_64-linux-gnu/5/../../../x86_64-linux-gnu/crt1.o
 .rela.text.mp_emit_common_id_op
                0x0000000000400820        0x0 /usr/lib/gcc/x86_64-linux-gnu/5/../../../x86_64-linux-gnu/crt1.o
 .rela.text.emit_write_uint
                0x0000000000400820        0x0 /usr/lib/gcc/x86_64-linux-gnu/5/../../../x86_64-linux-gnu/crt1.o
 .rela.text.emit_get_cur_to_write_code_info
                0x0000000000400820        0x0 /usr/lib/gcc/x86_64-linux-gnu/5/../../../x86_64-linux-gnu/crt1.o
 .rela.text.emit_write_code_info_qstr
                0x0000000000400820        0x0 /usr/lib/gcc/x86_64-linux-gnu/5/../../../x86_64-linux-gnu/crt1.o
 .rela.text.emit_get_cur_to_write_bytecode
                0x0000000000400820        0x0 /usr/lib/gcc/x86_64-linux-gnu/5/../../../x86_64-linux-gnu/crt1.o
 .rela.text.emit_write_bytecode_byte_qstr
                0x0000000000400820        0x0 /usr/lib/gcc/x86_64-linux-gnu/5/../../../x86_64-linux-gnu/crt1.o
 .rela.text.mp_emit_bc_start_pass
                0x0000000000400820        0x0 /usr/lib/gcc/x86_64-linux-gnu/5/../../../x86_64-linux-gnu/crt1.o
 .rela.text.mp_emit_bc_end_pass
                0x0000000000400820        0x0 /usr/lib/gcc/x86_64-linux-gnu/5/../../../x86_64-linux-gnu/crt1.o
 .rela.text.mp_emit_bc_adjust_stack_size
                0x0000000000400820        0x0 /usr/lib/gcc/x86_64-linux-gnu/5/../../../x86_64-linux-gnu/crt1.o
 .rela.text.mp_emit_bc_set_source_line
                0x0000000000400820        0x0 /usr/lib/gcc/x86_64-linux-gnu/5/../../../x86_64-linux-gnu/crt1.o
 .rela.text.mp_emit_bc_label_assign
                0x0000000000400820        0x0 /usr/lib/gcc/x86_64-linux-gnu/5/../../../x86_64-linux-gnu/crt1.o
 .rela.text.mp_emit_bc_load_const_tok
                0x0000000000400820        0x0 /usr/lib/gcc/x86_64-linux-gnu/5/../../../x86_64-linux-gnu/crt1.o
 .rela.text.mp_emit_bc_load_const_small_int
                0x0000000000400820        0x0 /usr/lib/gcc/x86_64-linux-gnu/5/../../../x86_64-linux-gnu/crt1.o
 .rela.text.mp_emit_bc_make_closure
                0x0000000000400820        0x0 /usr/lib/gcc/x86_64-linux-gnu/5/../../../x86_64-linux-gnu/crt1.o
 .rela.text.mp_emit_bc_raise_varargs
                0x0000000000400820        0x0 /usr/lib/gcc/x86_64-linux-gnu/5/../../../x86_64-linux-gnu/crt1.o
 .rela.text.mp_format_float
                0x0000000000400820        0x0 /usr/lib/gcc/x86_64-linux-gnu/5/../../../x86_64-linux-gnu/crt1.o
 .rela.text.raise_exc
                0x0000000000400820        0x0 /usr/lib/gcc/x86_64-linux-gnu/5/../../../x86_64-linux-gnu/crt1.o
 .rela.text.mp_parse_num_integer
                0x0000000000400820        0x0 /usr/lib/gcc/x86_64-linux-gnu/5/../../../x86_64-linux-gnu/crt1.o
 .rela.text.mp_parse_num_decimal
                0x0000000000400820        0x0 /usr/lib/gcc/x86_64-linux-gnu/5/../../../x86_64-linux-gnu/crt1.o
 .rela.text.mp_make_function_from_raw_code
                0x0000000000400820        0x0 /usr/lib/gcc/x86_64-linux-gnu/5/../../../x86_64-linux-gnu/crt1.o
 .rela.text.mp_make_closure_from_raw_code
                0x0000000000400820        0x0 /usr/lib/gcc/x86_64-linux-gnu/5/../../../x86_64-linux-gnu/crt1.o
 .rela.text.mp_print_uint
                0x0000000000400820        0x0 /usr/lib/gcc/x86_64-linux-gnu/5/../../../x86_64-linux-gnu/crt1.o
 .rela.text.save_qstr
                0x0000000000400820        0x0 /usr/lib/gcc/x86_64-linux-gnu/5/../../../x86_64-linux-gnu/crt1.o
 .rela.text.save_raw_code
                0x0000000000400820        0x0 /usr/lib/gcc/x86_64-linux-gnu/5/../../../x86_64-linux-gnu/crt1.o
 .rela.text.fd_print_strn
                0x0000000000400820        0x0 /usr/lib/gcc/x86_64-linux-gnu/5/../../../x86_64-linux-gnu/crt1.o
 .rela.text.mp_raw_code_save
                0x0000000000400820        0x0 /usr/lib/gcc/x86_64-linux-gnu/5/../../../x86_64-linux-gnu/crt1.o
 .rela.text.mp_raw_code_save_file
                0x0000000000400820        0x0 /usr/lib/gcc/x86_64-linux-gnu/5/../../../x86_64-linux-gnu/crt1.o
 .rela.text.mp_init
                0x0000000000400820        0x0 /usr/lib/gcc/x86_64-linux-gnu/5/../../../x86_64-linux-gnu/crt1.o
 .rela.text.mp_load_global
                0x0000000000400820        0x0 /usr/lib/gcc/x86_64-linux-gnu/5/../../../x86_64-linux-gnu/crt1.o
 .rela.text.mp_load_name
                0x0000000000400820        0x0 /usr/lib/gcc/x86_64-linux-gnu/5/../../../x86_64-linux-gnu/crt1.o
 .rela.text.mp_load_build_class
                0x0000000000400820        0x0 /usr/lib/gcc/x86_64-linux-gnu/5/../../../x86_64-linux-gnu/crt1.o
 .rela.text.mp_store_name
                0x0000000000400820        0x0 /usr/lib/gcc/x86_64-linux-gnu/5/../../../x86_64-linux-gnu/crt1.o
 .rela.text.mp_delete_name
                0x0000000000400820        0x0 /usr/lib/gcc/x86_64-linux-gnu/5/../../../x86_64-linux-gnu/crt1.o
 .rela.text.mp_store_global
                0x0000000000400820        0x0 /usr/lib/gcc/x86_64-linux-gnu/5/../../../x86_64-linux-gnu/crt1.o
 .rela.text.mp_delete_global
                0x0000000000400820        0x0 /usr/lib/gcc/x86_64-linux-gnu/5/../../../x86_64-linux-gnu/crt1.o
 .rela.text.mp_unary_op
                0x0000000000400820        0x0 /usr/lib/gcc/x86_64-linux-gnu/5/../../../x86_64-linux-gnu/crt1.o
 .rela.text.mp_call_function_n_kw
                0x0000000000400820        0x0 /usr/lib/gcc/x86_64-linux-gnu/5/../../../x86_64-linux-gnu/crt1.o
 .rela.text.mp_call_function_2
                0x0000000000400820        0x0 /usr/lib/gcc/x86_64-linux-gnu/5/../../../x86_64-linux-gnu/crt1.o
 .rela.text.checked_fun_call
                0x0000000000400820        0x0 /usr/lib/gcc/x86_64-linux-gnu/5/../../../x86_64-linux-gnu/crt1.o
 .rela.text.mp_convert_member_lookup
                0x0000000000400820        0x0 /usr/lib/gcc/x86_64-linux-gnu/5/../../../x86_64-linux-gnu/crt1.o
 .rela.text.mp_load_method_maybe
                0x0000000000400820        0x0 /usr/lib/gcc/x86_64-linux-gnu/5/../../../x86_64-linux-gnu/crt1.o
 .rela.text.mp_load_method
                0x0000000000400820        0x0 /usr/lib/gcc/x86_64-linux-gnu/5/../../../x86_64-linux-gnu/crt1.o
 .rela.text.mp_load_attr
                0x0000000000400820        0x0 /usr/lib/gcc/x86_64-linux-gnu/5/../../../x86_64-linux-gnu/crt1.o
 .rela.text.mp_store_attr
                0x0000000000400820        0x0 /usr/lib/gcc/x86_64-linux-gnu/5/../../../x86_64-linux-gnu/crt1.o
 .rela.text.mp_getiter
                0x0000000000400820        0x0 /usr/lib/gcc/x86_64-linux-gnu/5/../../../x86_64-linux-gnu/crt1.o
 .rela.text.mp_iternext_allow_raise
                0x0000000000400820        0x0 /usr/lib/gcc/x86_64-linux-gnu/5/../../../x86_64-linux-gnu/crt1.o
 .rela.text.mp_iternext
                0x0000000000400820        0x0 /usr/lib/gcc/x86_64-linux-gnu/5/../../../x86_64-linux-gnu/crt1.o
 .rela.text.mp_call_method_n_kw_var
                0x0000000000400820        0x0 /usr/lib/gcc/x86_64-linux-gnu/5/../../../x86_64-linux-gnu/crt1.o
 .rela.text.mp_unpack_sequence
                0x0000000000400820        0x0 /usr/lib/gcc/x86_64-linux-gnu/5/../../../x86_64-linux-gnu/crt1.o
 .rela.text.mp_unpack_ex
                0x0000000000400820        0x0 /usr/lib/gcc/x86_64-linux-gnu/5/../../../x86_64-linux-gnu/crt1.o
 .rela.text.mp_resume
                0x0000000000400820        0x0 /usr/lib/gcc/x86_64-linux-gnu/5/../../../x86_64-linux-gnu/crt1.o
 .rela.text.mp_make_raise_obj
                0x0000000000400820        0x0 /usr/lib/gcc/x86_64-linux-gnu/5/../../../x86_64-linux-gnu/crt1.o
 .rela.text.mp_import_name
                0x0000000000400820        0x0 /usr/lib/gcc/x86_64-linux-gnu/5/../../../x86_64-linux-gnu/crt1.o
 .rela.text.mp_import_from
                0x0000000000400820        0x0 /usr/lib/gcc/x86_64-linux-gnu/5/../../../x86_64-linux-gnu/crt1.o
 .rela.text.mp_import_all
                0x0000000000400820        0x0 /usr/lib/gcc/x86_64-linux-gnu/5/../../../x86_64-linux-gnu/crt1.o
 .rela.text.mp_parse_compile_execute
                0x0000000000400820        0x0 /usr/lib/gcc/x86_64-linux-gnu/5/../../../x86_64-linux-gnu/crt1.o
 .rela.text.mp_raise_msg
                0x0000000000400820        0x0 /usr/lib/gcc/x86_64-linux-gnu/5/../../../x86_64-linux-gnu/crt1.o
 .rela.text.m_malloc_fail
                0x0000000000400820        0x0 /usr/lib/gcc/x86_64-linux-gnu/5/../../../x86_64-linux-gnu/crt1.o
 .rela.text.mp_raise_ValueError
                0x0000000000400820        0x0 /usr/lib/gcc/x86_64-linux-gnu/5/../../../x86_64-linux-gnu/crt1.o
 .rela.text.mp_binary_op
                0x0000000000400820        0x0 /usr/lib/gcc/x86_64-linux-gnu/5/../../../x86_64-linux-gnu/crt1.o
 .rela.text.mp_raise_TypeError
                0x0000000000400820        0x0 /usr/lib/gcc/x86_64-linux-gnu/5/../../../x86_64-linux-gnu/crt1.o
 .rela.text.mp_raise_OSError
                0x0000000000400820        0x0 /usr/lib/gcc/x86_64-linux-gnu/5/../../../x86_64-linux-gnu/crt1.o
 .rela.text.mp_raise_NotImplementedError
                0x0000000000400820        0x0 /usr/lib/gcc/x86_64-linux-gnu/5/../../../x86_64-linux-gnu/crt1.o
 .rela.text.mp_call_function_1_protected
                0x0000000000400820        0x0 /usr/lib/gcc/x86_64-linux-gnu/5/../../../x86_64-linux-gnu/crt1.o
 .rela.text.mp_call_function_2_protected
                0x0000000000400820        0x0 /usr/lib/gcc/x86_64-linux-gnu/5/../../../x86_64-linux-gnu/crt1.o
 .rela.text.mp_handle_pending
                0x0000000000400820        0x0 /usr/lib/gcc/x86_64-linux-gnu/5/../../../x86_64-linux-gnu/crt1.o
 .rela.text.mp_stack_ctrl_init
                0x0000000000400820        0x0 /usr/lib/gcc/x86_64-linux-gnu/5/../../../x86_64-linux-gnu/crt1.o
 .rela.text.mp_stack_set_top
                0x0000000000400820        0x0 /usr/lib/gcc/x86_64-linux-gnu/5/../../../x86_64-linux-gnu/crt1.o
 .rela.text.mp_stack_usage
                0x0000000000400820        0x0 /usr/lib/gcc/x86_64-linux-gnu/5/../../../x86_64-linux-gnu/crt1.o
 .rela.text.mp_stack_set_limit
                0x0000000000400820        0x0 /usr/lib/gcc/x86_64-linux-gnu/5/../../../x86_64-linux-gnu/crt1.o
 .rela.text.mp_exc_recursion_depth
                0x0000000000400820        0x0 /usr/lib/gcc/x86_64-linux-gnu/5/../../../x86_64-linux-gnu/crt1.o
 .rela.text.mp_stack_check
                0x0000000000400820        0x0 /usr/lib/gcc/x86_64-linux-gnu/5/../../../x86_64-linux-gnu/crt1.o
 .rela.text.mp_arg_check_num
                0x0000000000400820        0x0 /usr/lib/gcc/x86_64-linux-gnu/5/../../../x86_64-linux-gnu/crt1.o
 .rela.text.mp_arg_parse_all
                0x0000000000400820        0x0 /usr/lib/gcc/x86_64-linux-gnu/5/../../../x86_64-linux-gnu/crt1.o
 .rela.text.mp_arg_parse_all_kw_array
                0x0000000000400820        0x0 /usr/lib/gcc/x86_64-linux-gnu/5/../../../x86_64-linux-gnu/crt1.o
 .rela.text.mp_warning
                0x0000000000400820        0x0 /usr/lib/gcc/x86_64-linux-gnu/5/../../../x86_64-linux-gnu/crt1.o
 .rela.text.mp_map_lookup
                0x0000000000400820        0x0 /usr/lib/gcc/x86_64-linux-gnu/5/../../../x86_64-linux-gnu/crt1.o
 .rela.text.mp_set_lookup
                0x0000000000400820        0x0 /usr/lib/gcc/x86_64-linux-gnu/5/../../../x86_64-linux-gnu/crt1.o
 .rela.text.mp_obj_get_type
                0x0000000000400820        0x0 /usr/lib/gcc/x86_64-linux-gnu/5/../../../x86_64-linux-gnu/crt1.o
 .rela.text.mp_obj_print_exception
                0x0000000000400820        0x0 /usr/lib/gcc/x86_64-linux-gnu/5/../../../x86_64-linux-gnu/crt1.o
 .rela.text.mp_obj_is_callable
                0x0000000000400820        0x0 /usr/lib/gcc/x86_64-linux-gnu/5/../../../x86_64-linux-gnu/crt1.o
 .rela.text.mp_obj_equal
                0x0000000000400820        0x0 /usr/lib/gcc/x86_64-linux-gnu/5/../../../x86_64-linux-gnu/crt1.o
 .rela.text.mp_obj_get_int
                0x0000000000400820        0x0 /usr/lib/gcc/x86_64-linux-gnu/5/../../../x86_64-linux-gnu/crt1.o
 .rela.text.mp_obj_get_int_truncated
                0x0000000000400820        0x0 /usr/lib/gcc/x86_64-linux-gnu/5/../../../x86_64-linux-gnu/crt1.o
 .rela.text.mp_obj_get_int_maybe
                0x0000000000400820        0x0 /usr/lib/gcc/x86_64-linux-gnu/5/../../../x86_64-linux-gnu/crt1.o
 .rela.text.mp_obj_get_float_maybe
                0x0000000000400820        0x0 /usr/lib/gcc/x86_64-linux-gnu/5/../../../x86_64-linux-gnu/crt1.o
 .rela.text.mp_obj_get_float
                0x0000000000400820        0x0 /usr/lib/gcc/x86_64-linux-gnu/5/../../../x86_64-linux-gnu/crt1.o
 .rela.text.mp_obj_get_complex
                0x0000000000400820        0x0 /usr/lib/gcc/x86_64-linux-gnu/5/../../../x86_64-linux-gnu/crt1.o
 .rela.text.mp_obj_get_array
                0x0000000000400820        0x0 /usr/lib/gcc/x86_64-linux-gnu/5/../../../x86_64-linux-gnu/crt1.o
 .rela.text.mp_obj_get_array_fixed_n
                0x0000000000400820        0x0 /usr/lib/gcc/x86_64-linux-gnu/5/../../../x86_64-linux-gnu/crt1.o
 .rela.text.mp_get_index
                0x0000000000400820        0x0 /usr/lib/gcc/x86_64-linux-gnu/5/../../../x86_64-linux-gnu/crt1.o
 .rela.text.mp_obj_id
                0x0000000000400820        0x0 /usr/lib/gcc/x86_64-linux-gnu/5/../../../x86_64-linux-gnu/crt1.o
 .rela.text.mp_obj_len_maybe
                0x0000000000400820        0x0 /usr/lib/gcc/x86_64-linux-gnu/5/../../../x86_64-linux-gnu/crt1.o
 .rela.text.mp_obj_is_true
                0x0000000000400820        0x0 /usr/lib/gcc/x86_64-linux-gnu/5/../../../x86_64-linux-gnu/crt1.o
 .rela.text.mp_obj_len
                0x0000000000400820        0x0 /usr/lib/gcc/x86_64-linux-gnu/5/../../../x86_64-linux-gnu/crt1.o
 .rela.text.mp_obj_subscr
                0x0000000000400820        0x0 /usr/lib/gcc/x86_64-linux-gnu/5/../../../x86_64-linux-gnu/crt1.o
 .rela.text.array_unary_op
                0x0000000000400820        0x0 /usr/lib/gcc/x86_64-linux-gnu/5/../../../x86_64-linux-gnu/crt1.o
 .rela.text.array_get_buffer
                0x0000000000400820        0x0 /usr/lib/gcc/x86_64-linux-gnu/5/../../../x86_64-linux-gnu/crt1.o
 .rela.text.array_extend
                0x0000000000400820        0x0 /usr/lib/gcc/x86_64-linux-gnu/5/../../../x86_64-linux-gnu/crt1.o
 .rela.text.array_append
                0x0000000000400820        0x0 /usr/lib/gcc/x86_64-linux-gnu/5/../../../x86_64-linux-gnu/crt1.o
 .rela.text.array_it_iternext
                0x0000000000400820        0x0 /usr/lib/gcc/x86_64-linux-gnu/5/../../../x86_64-linux-gnu/crt1.o
 .rela.text.array_new
                0x0000000000400820        0x0 /usr/lib/gcc/x86_64-linux-gnu/5/../../../x86_64-linux-gnu/crt1.o
 .rela.text.array_binary_op
                0x0000000000400820        0x0 /usr/lib/gcc/x86_64-linux-gnu/5/../../../x86_64-linux-gnu/crt1.o
 .rela.text.array_print
                0x0000000000400820        0x0 /usr/lib/gcc/x86_64-linux-gnu/5/../../../x86_64-linux-gnu/crt1.o
 .rela.text.array_subscr
                0x0000000000400820        0x0 /usr/lib/gcc/x86_64-linux-gnu/5/../../../x86_64-linux-gnu/crt1.o
 .rela.text.bytearray_make_new
                0x0000000000400820        0x0 /usr/lib/gcc/x86_64-linux-gnu/5/../../../x86_64-linux-gnu/crt1.o
 .rela.text.mp_call_method_self_n_kw
                0x0000000000400820        0x0 /usr/lib/gcc/x86_64-linux-gnu/5/../../../x86_64-linux-gnu/crt1.o
 .rela.text.closure_call
                0x0000000000400820        0x0 /usr/lib/gcc/x86_64-linux-gnu/5/../../../x86_64-linux-gnu/crt1.o
 .rela.text.complex_attr
                0x0000000000400820        0x0 /usr/lib/gcc/x86_64-linux-gnu/5/../../../x86_64-linux-gnu/crt1.o
 .rela.text.complex_print
                0x0000000000400820        0x0 /usr/lib/gcc/x86_64-linux-gnu/5/../../../x86_64-linux-gnu/crt1.o
 .rela.text.complex_unary_op
                0x0000000000400820        0x0 /usr/lib/gcc/x86_64-linux-gnu/5/../../../x86_64-linux-gnu/crt1.o
 .rela.text.mp_obj_complex_get
                0x0000000000400820        0x0 /usr/lib/gcc/x86_64-linux-gnu/5/../../../x86_64-linux-gnu/crt1.o
 .rela.text.complex_make_new
                0x0000000000400820        0x0 /usr/lib/gcc/x86_64-linux-gnu/5/../../../x86_64-linux-gnu/crt1.o
 .rela.text.mp_obj_complex_binary_op
                0x0000000000400820        0x0 /usr/lib/gcc/x86_64-linux-gnu/5/../../../x86_64-linux-gnu/crt1.o
 .rela.text.dict_getiter
                0x0000000000400820        0x0 /usr/lib/gcc/x86_64-linux-gnu/5/../../../x86_64-linux-gnu/crt1.o
 .rela.text.dict_clear
                0x0000000000400820        0x0 /usr/lib/gcc/x86_64-linux-gnu/5/../../../x86_64-linux-gnu/crt1.o
 .rela.text.dict_get_helper
                0x0000000000400820        0x0 /usr/lib/gcc/x86_64-linux-gnu/5/../../../x86_64-linux-gnu/crt1.o
 .rela.text.dict_view_it_iternext
                0x0000000000400820        0x0 /usr/lib/gcc/x86_64-linux-gnu/5/../../../x86_64-linux-gnu/crt1.o
 .rela.text.dict_view_print
                0x0000000000400820        0x0 /usr/lib/gcc/x86_64-linux-gnu/5/../../../x86_64-linux-gnu/crt1.o
 .rela.text.dict_print
                0x0000000000400820        0x0 /usr/lib/gcc/x86_64-linux-gnu/5/../../../x86_64-linux-gnu/crt1.o
 .rela.text.dict_update
                0x0000000000400820        0x0 /usr/lib/gcc/x86_64-linux-gnu/5/../../../x86_64-linux-gnu/crt1.o
 .rela.text.dict_popitem
                0x0000000000400820        0x0 /usr/lib/gcc/x86_64-linux-gnu/5/../../../x86_64-linux-gnu/crt1.o
 .rela.text.dict_binary_op
                0x0000000000400820        0x0 /usr/lib/gcc/x86_64-linux-gnu/5/../../../x86_64-linux-gnu/crt1.o
 .rela.text.mp_obj_dict_get
                0x0000000000400820        0x0 /usr/lib/gcc/x86_64-linux-gnu/5/../../../x86_64-linux-gnu/crt1.o
 .rela.text.dict_fromkeys
                0x0000000000400820        0x0 /usr/lib/gcc/x86_64-linux-gnu/5/../../../x86_64-linux-gnu/crt1.o
 .rela.text.dict_make_new
                0x0000000000400820        0x0 /usr/lib/gcc/x86_64-linux-gnu/5/../../../x86_64-linux-gnu/crt1.o
 .rela.text.mp_obj_dict_delete
                0x0000000000400820        0x0 /usr/lib/gcc/x86_64-linux-gnu/5/../../../x86_64-linux-gnu/crt1.o
 .rela.text.dict_subscr
                0x0000000000400820        0x0 /usr/lib/gcc/x86_64-linux-gnu/5/../../../x86_64-linux-gnu/crt1.o
 .rela.text.enumerate_make_new
                0x0000000000400820        0x0 /usr/lib/gcc/x86_64-linux-gnu/5/../../../x86_64-linux-gnu/crt1.o
 .rela.text.enumerate_iternext
                0x0000000000400820        0x0 /usr/lib/gcc/x86_64-linux-gnu/5/../../../x86_64-linux-gnu/crt1.o
 .rela.text.mp_obj_exception_make_new
                0x0000000000400820        0x0 /usr/lib/gcc/x86_64-linux-gnu/5/../../../x86_64-linux-gnu/crt1.o
 .rela.text.exc___init__
                0x0000000000400820        0x0 /usr/lib/gcc/x86_64-linux-gnu/5/../../../x86_64-linux-gnu/crt1.o
 .rela.text.mp_obj_exception_print
                0x0000000000400820        0x0 /usr/lib/gcc/x86_64-linux-gnu/5/../../../x86_64-linux-gnu/crt1.o
 .rela.text.mp_obj_exception_get_value
                0x0000000000400820        0x0 /usr/lib/gcc/x86_64-linux-gnu/5/../../../x86_64-linux-gnu/crt1.o
 .rela.text.exception_attr
                0x0000000000400820        0x0 /usr/lib/gcc/x86_64-linux-gnu/5/../../../x86_64-linux-gnu/crt1.o
 .rela.text.mp_obj_new_exception_args
                0x0000000000400820        0x0 /usr/lib/gcc/x86_64-linux-gnu/5/../../../x86_64-linux-gnu/crt1.o
 .rela.text.mp_obj_new_exception_msg_varg
                0x0000000000400820        0x0 /usr/lib/gcc/x86_64-linux-gnu/5/../../../x86_64-linux-gnu/crt1.o
 .rela.text.mp_obj_is_exception_type
                0x0000000000400820        0x0 /usr/lib/gcc/x86_64-linux-gnu/5/../../../x86_64-linux-gnu/crt1.o
 .rela.text.mp_obj_exception_match
                0x0000000000400820        0x0 /usr/lib/gcc/x86_64-linux-gnu/5/../../../x86_64-linux-gnu/crt1.o
 .rela.text.mp_obj_exception_clear_traceback
                0x0000000000400820        0x0 /usr/lib/gcc/x86_64-linux-gnu/5/../../../x86_64-linux-gnu/crt1.o
 .rela.text.mp_obj_exception_add_traceback
                0x0000000000400820        0x0 /usr/lib/gcc/x86_64-linux-gnu/5/../../../x86_64-linux-gnu/crt1.o
 .rela.text.mp_obj_exception_get_traceback
                0x0000000000400820        0x0 /usr/lib/gcc/x86_64-linux-gnu/5/../../../x86_64-linux-gnu/crt1.o
 .rela.text.filter_iternext
                0x0000000000400820        0x0 /usr/lib/gcc/x86_64-linux-gnu/5/../../../x86_64-linux-gnu/crt1.o
 .rela.text.mp_obj_float_divmod
                0x0000000000400820        0x0 /usr/lib/gcc/x86_64-linux-gnu/5/../../../x86_64-linux-gnu/crt1.o
 .rela.text.float_make_new
                0x0000000000400820        0x0 /usr/lib/gcc/x86_64-linux-gnu/5/../../../x86_64-linux-gnu/crt1.o
 .rela.text.mp_obj_float_get
                0x0000000000400820        0x0 /usr/lib/gcc/x86_64-linux-gnu/5/../../../x86_64-linux-gnu/crt1.o
 .rela.text.float_print
                0x0000000000400820        0x0 /usr/lib/gcc/x86_64-linux-gnu/5/../../../x86_64-linux-gnu/crt1.o
 .rela.text.mp_obj_float_binary_op
                0x0000000000400820        0x0 /usr/lib/gcc/x86_64-linux-gnu/5/../../../x86_64-linux-gnu/crt1.o
 .rela.text.fun_bc_call
                0x0000000000400820        0x0 /usr/lib/gcc/x86_64-linux-gnu/5/../../../x86_64-linux-gnu/crt1.o
 .rela.text.fun_builtin_0_call
                0x0000000000400820        0x0 /usr/lib/gcc/x86_64-linux-gnu/5/../../../x86_64-linux-gnu/crt1.o
 .rela.text.fun_builtin_1_call
                0x0000000000400820        0x0 /usr/lib/gcc/x86_64-linux-gnu/5/../../../x86_64-linux-gnu/crt1.o
 .rela.text.fun_builtin_2_call
                0x0000000000400820        0x0 /usr/lib/gcc/x86_64-linux-gnu/5/../../../x86_64-linux-gnu/crt1.o
 .rela.text.fun_builtin_3_call
                0x0000000000400820        0x0 /usr/lib/gcc/x86_64-linux-gnu/5/../../../x86_64-linux-gnu/crt1.o
 .rela.text.fun_builtin_var_call
                0x0000000000400820        0x0 /usr/lib/gcc/x86_64-linux-gnu/5/../../../x86_64-linux-gnu/crt1.o
 .rela.text.mp_obj_code_get_name
                0x0000000000400820        0x0 /usr/lib/gcc/x86_64-linux-gnu/5/../../../x86_64-linux-gnu/crt1.o
 .rela.text.mp_obj_fun_get_name
                0x0000000000400820        0x0 /usr/lib/gcc/x86_64-linux-gnu/5/../../../x86_64-linux-gnu/crt1.o
 .rela.text.mp_obj_new_fun_bc
                0x0000000000400820        0x0 /usr/lib/gcc/x86_64-linux-gnu/5/../../../x86_64-linux-gnu/crt1.o
 .rela.text.gen_wrap_call
                0x0000000000400820        0x0 /usr/lib/gcc/x86_64-linux-gnu/5/../../../x86_64-linux-gnu/crt1.o
 .rela.text.mp_obj_gen_resume
                0x0000000000400820        0x0 /usr/lib/gcc/x86_64-linux-gnu/5/../../../x86_64-linux-gnu/crt1.o
 .rela.text.gen_resume_and_raise
                0x0000000000400820        0x0 /usr/lib/gcc/x86_64-linux-gnu/5/../../../x86_64-linux-gnu/crt1.o
 .rela.text.gen_instance_throw
                0x0000000000400820        0x0 /usr/lib/gcc/x86_64-linux-gnu/5/../../../x86_64-linux-gnu/crt1.o
 .rela.text.gen_instance_iternext
                0x0000000000400820        0x0 /usr/lib/gcc/x86_64-linux-gnu/5/../../../x86_64-linux-gnu/crt1.o
 .rela.text.gen_instance_close
                0x0000000000400820        0x0 /usr/lib/gcc/x86_64-linux-gnu/5/../../../x86_64-linux-gnu/crt1.o
 .rela.text.it_iternext
                0x0000000000400820        0x0 /usr/lib/gcc/x86_64-linux-gnu/5/../../../x86_64-linux-gnu/crt1.o
 .rela.text.int_to_bytes
                0x0000000000400820        0x0 /usr/lib/gcc/x86_64-linux-gnu/5/../../../x86_64-linux-gnu/crt1.o
 .rela.text.int_from_bytes
                0x0000000000400820        0x0 /usr/lib/gcc/x86_64-linux-gnu/5/../../../x86_64-linux-gnu/crt1.o
 .rela.text.mp_obj_new_int_from_float
                0x0000000000400820        0x0 /usr/lib/gcc/x86_64-linux-gnu/5/../../../x86_64-linux-gnu/crt1.o
 .rela.text.mp_obj_int_make_new
                0x0000000000400820        0x0 /usr/lib/gcc/x86_64-linux-gnu/5/../../../x86_64-linux-gnu/crt1.o
 .rela.text.mp_int_format_size
                0x0000000000400820        0x0 /usr/lib/gcc/x86_64-linux-gnu/5/../../../x86_64-linux-gnu/crt1.o
 .rela.text.mp_obj_int_formatted
                0x0000000000400820        0x0 /usr/lib/gcc/x86_64-linux-gnu/5/../../../x86_64-linux-gnu/crt1.o
 .rela.text.mp_obj_int_print
                0x0000000000400820        0x0 /usr/lib/gcc/x86_64-linux-gnu/5/../../../x86_64-linux-gnu/crt1.o
 .rela.text.mp_obj_int_binary_op_extra_cases
                0x0000000000400820        0x0 /usr/lib/gcc/x86_64-linux-gnu/5/../../../x86_64-linux-gnu/crt1.o
 .rela.text.mp_obj_int_formatted_impl
                0x0000000000400820        0x0 /usr/lib/gcc/x86_64-linux-gnu/5/../../../x86_64-linux-gnu/crt1.o
 .rela.text.mp_obj_int_to_bytes_impl
                0x0000000000400820        0x0 /usr/lib/gcc/x86_64-linux-gnu/5/../../../x86_64-linux-gnu/crt1.o
 .rela.text.mp_obj_int_get_checked
                0x0000000000400820        0x0 /usr/lib/gcc/x86_64-linux-gnu/5/../../../x86_64-linux-gnu/crt1.o
 .rela.text.mp_obj_int_binary_op
                0x0000000000400820        0x0 /usr/lib/gcc/x86_64-linux-gnu/5/../../../x86_64-linux-gnu/crt1.o
 .rela.text.mp_obj_int_as_float_impl
                0x0000000000400820        0x0 /usr/lib/gcc/x86_64-linux-gnu/5/../../../x86_64-linux-gnu/crt1.o
 .rela.text.list_getiter
                0x0000000000400820        0x0 /usr/lib/gcc/x86_64-linux-gnu/5/../../../x86_64-linux-gnu/crt1.o
 .rela.text.list_reverse
                0x0000000000400820        0x0 /usr/lib/gcc/x86_64-linux-gnu/5/../../../x86_64-linux-gnu/crt1.o
 .rela.text.mp_obj_list_append
                0x0000000000400820        0x0 /usr/lib/gcc/x86_64-linux-gnu/5/../../../x86_64-linux-gnu/crt1.o
 .rela.text.list_insert
                0x0000000000400820        0x0 /usr/lib/gcc/x86_64-linux-gnu/5/../../../x86_64-linux-gnu/crt1.o
 .rela.text.list_clear
                0x0000000000400820        0x0 /usr/lib/gcc/x86_64-linux-gnu/5/../../../x86_64-linux-gnu/crt1.o
 .rela.text.mp_obj_list_sort
                0x0000000000400820        0x0 /usr/lib/gcc/x86_64-linux-gnu/5/../../../x86_64-linux-gnu/crt1.o
 .rela.text.list_index
                0x0000000000400820        0x0 /usr/lib/gcc/x86_64-linux-gnu/5/../../../x86_64-linux-gnu/crt1.o
 .rela.text.list_pop
                0x0000000000400820        0x0 /usr/lib/gcc/x86_64-linux-gnu/5/../../../x86_64-linux-gnu/crt1.o
 .rela.text.mp_obj_list_remove
                0x0000000000400820        0x0 /usr/lib/gcc/x86_64-linux-gnu/5/../../../x86_64-linux-gnu/crt1.o
 .rela.text.list_count
                0x0000000000400820        0x0 /usr/lib/gcc/x86_64-linux-gnu/5/../../../x86_64-linux-gnu/crt1.o
 .rela.text.list_extend
                0x0000000000400820        0x0 /usr/lib/gcc/x86_64-linux-gnu/5/../../../x86_64-linux-gnu/crt1.o
 .rela.text.list_binary_op
                0x0000000000400820        0x0 /usr/lib/gcc/x86_64-linux-gnu/5/../../../x86_64-linux-gnu/crt1.o
 .rela.text.list_subscr
                0x0000000000400820        0x0 /usr/lib/gcc/x86_64-linux-gnu/5/../../../x86_64-linux-gnu/crt1.o
 .rela.text.module_print
                0x0000000000400820        0x0 /usr/lib/gcc/x86_64-linux-gnu/5/../../../x86_64-linux-gnu/crt1.o
 .rela.text.mp_obj_new_module
                0x0000000000400820        0x0 /usr/lib/gcc/x86_64-linux-gnu/5/../../../x86_64-linux-gnu/crt1.o
 .rela.text.mp_obj_module_get_globals
                0x0000000000400820        0x0 /usr/lib/gcc/x86_64-linux-gnu/5/../../../x86_64-linux-gnu/crt1.o
 .rela.text.mp_module_get
                0x0000000000400820        0x0 /usr/lib/gcc/x86_64-linux-gnu/5/../../../x86_64-linux-gnu/crt1.o
 .rela.text.mp_module_register
                0x0000000000400820        0x0 /usr/lib/gcc/x86_64-linux-gnu/5/../../../x86_64-linux-gnu/crt1.o
 .rela.text.object___init__
                0x0000000000400820        0x0 /usr/lib/gcc/x86_64-linux-gnu/5/../../../x86_64-linux-gnu/crt1.o
 .rela.text.object___new__
                0x0000000000400820        0x0 /usr/lib/gcc/x86_64-linux-gnu/5/../../../x86_64-linux-gnu/crt1.o
 .rela.text.property_make_new
                0x0000000000400820        0x0 /usr/lib/gcc/x86_64-linux-gnu/5/../../../x86_64-linux-gnu/crt1.o
 .rela.text.range_subscr
                0x0000000000400820        0x0 /usr/lib/gcc/x86_64-linux-gnu/5/../../../x86_64-linux-gnu/crt1.o
 .rela.text.reversed_make_new
                0x0000000000400820        0x0 /usr/lib/gcc/x86_64-linux-gnu/5/../../../x86_64-linux-gnu/crt1.o
 .rela.text.set_isdisjoint
                0x0000000000400820        0x0 /usr/lib/gcc/x86_64-linux-gnu/5/../../../x86_64-linux-gnu/crt1.o
 .rela.text.set_issubset_internal
                0x0000000000400820        0x0 /usr/lib/gcc/x86_64-linux-gnu/5/../../../x86_64-linux-gnu/crt1.o
 .rela.text.set_binary_op
                0x0000000000400820        0x0 /usr/lib/gcc/x86_64-linux-gnu/5/../../../x86_64-linux-gnu/crt1.o
 .rela.text.mp_obj_slice_get
                0x0000000000400820        0x0 /usr/lib/gcc/x86_64-linux-gnu/5/../../../x86_64-linux-gnu/crt1.o
 .rela.text.bytes_it_iternext
                0x0000000000400820        0x0 /usr/lib/gcc/x86_64-linux-gnu/5/../../../x86_64-linux-gnu/crt1.o
 .rela.text.str_count
                0x0000000000400820        0x0 /usr/lib/gcc/x86_64-linux-gnu/5/../../../x86_64-linux-gnu/crt1.o
 .rela.text.str_uni_istype
                0x0000000000400820        0x0 /usr/lib/gcc/x86_64-linux-gnu/5/../../../x86_64-linux-gnu/crt1.o
 .rela.text.mp_obj_str_get_buffer
                0x0000000000400820        0x0 /usr/lib/gcc/x86_64-linux-gnu/5/../../../x86_64-linux-gnu/crt1.o
 .rela.text.str_print
                0x0000000000400820        0x0 /usr/lib/gcc/x86_64-linux-gnu/5/../../../x86_64-linux-gnu/crt1.o
 .rela.text.find_subbytes
                0x0000000000400820        0x0 /usr/lib/gcc/x86_64-linux-gnu/5/../../../x86_64-linux-gnu/crt1.o
 .rela.text.str_finder
                0x0000000000400820        0x0 /usr/lib/gcc/x86_64-linux-gnu/5/../../../x86_64-linux-gnu/crt1.o
 .rela.text.str_uni_strip
                0x0000000000400820        0x0 /usr/lib/gcc/x86_64-linux-gnu/5/../../../x86_64-linux-gnu/crt1.o
 .rela.text.bytes_subscr
                0x0000000000400820        0x0 /usr/lib/gcc/x86_64-linux-gnu/5/../../../x86_64-linux-gnu/crt1.o
 .rela.text.mp_obj_new_str_from_vstr
                0x0000000000400820        0x0 /usr/lib/gcc/x86_64-linux-gnu/5/../../../x86_64-linux-gnu/crt1.o
 .rela.text.str_join
                0x0000000000400820        0x0 /usr/lib/gcc/x86_64-linux-gnu/5/../../../x86_64-linux-gnu/crt1.o
 .rela.text.str_replace
                0x0000000000400820        0x0 /usr/lib/gcc/x86_64-linux-gnu/5/../../../x86_64-linux-gnu/crt1.o
 .rela.text.str_caseconv
                0x0000000000400820        0x0 /usr/lib/gcc/x86_64-linux-gnu/5/../../../x86_64-linux-gnu/crt1.o
 .rela.text.bytes_make_new.part.2
                0x0000000000400820        0x0 /usr/lib/gcc/x86_64-linux-gnu/5/../../../x86_64-linux-gnu/crt1.o
 .rela.text.str_encode
                0x0000000000400820        0x0 /usr/lib/gcc/x86_64-linux-gnu/5/../../../x86_64-linux-gnu/crt1.o
 .rela.text.mp_obj_new_str
                0x0000000000400820        0x0 /usr/lib/gcc/x86_64-linux-gnu/5/../../../x86_64-linux-gnu/crt1.o
 .rela.text.mp_obj_str_make_new
                0x0000000000400820        0x0 /usr/lib/gcc/x86_64-linux-gnu/5/../../../x86_64-linux-gnu/crt1.o
 .rela.text.bytes_decode
                0x0000000000400820        0x0 /usr/lib/gcc/x86_64-linux-gnu/5/../../../x86_64-linux-gnu/crt1.o
 .rela.text.mp_obj_str_intern
                0x0000000000400820        0x0 /usr/lib/gcc/x86_64-linux-gnu/5/../../../x86_64-linux-gnu/crt1.o
 .rela.text.mp_obj_str_equal
                0x0000000000400820        0x0 /usr/lib/gcc/x86_64-linux-gnu/5/../../../x86_64-linux-gnu/crt1.o
 .rela.text.mp_obj_str_get_qstr
                0x0000000000400820        0x0 /usr/lib/gcc/x86_64-linux-gnu/5/../../../x86_64-linux-gnu/crt1.o
 .rela.text.mp_obj_str_get_str
                0x0000000000400820        0x0 /usr/lib/gcc/x86_64-linux-gnu/5/../../../x86_64-linux-gnu/crt1.o
 .rela.text.mp_obj_str_get_data
                0x0000000000400820        0x0 /usr/lib/gcc/x86_64-linux-gnu/5/../../../x86_64-linux-gnu/crt1.o
 .rela.text.mp_obj_str_binary_op
                0x0000000000400820        0x0 /usr/lib/gcc/x86_64-linux-gnu/5/../../../x86_64-linux-gnu/crt1.o
 .rela.text.mp_obj_str_split
                0x0000000000400820        0x0 /usr/lib/gcc/x86_64-linux-gnu/5/../../../x86_64-linux-gnu/crt1.o
 .rela.text.str_rsplit
                0x0000000000400820        0x0 /usr/lib/gcc/x86_64-linux-gnu/5/../../../x86_64-linux-gnu/crt1.o
 .rela.text.str_startswith
                0x0000000000400820        0x0 /usr/lib/gcc/x86_64-linux-gnu/5/../../../x86_64-linux-gnu/crt1.o
 .rela.text.str_endswith
                0x0000000000400820        0x0 /usr/lib/gcc/x86_64-linux-gnu/5/../../../x86_64-linux-gnu/crt1.o
 .rela.text.mp_obj_str_format_helper
                0x0000000000400820        0x0 /usr/lib/gcc/x86_64-linux-gnu/5/../../../x86_64-linux-gnu/crt1.o
 .rela.text.mp_obj_str_format
                0x0000000000400820        0x0 /usr/lib/gcc/x86_64-linux-gnu/5/../../../x86_64-linux-gnu/crt1.o
 .rela.text.str_it_iternext
                0x0000000000400820        0x0 /usr/lib/gcc/x86_64-linux-gnu/5/../../../x86_64-linux-gnu/crt1.o
 .rela.text.uni_unary_op
                0x0000000000400820        0x0 /usr/lib/gcc/x86_64-linux-gnu/5/../../../x86_64-linux-gnu/crt1.o
 .rela.text.uni_print
                0x0000000000400820        0x0 /usr/lib/gcc/x86_64-linux-gnu/5/../../../x86_64-linux-gnu/crt1.o
 .rela.text.str_index_to_ptr
                0x0000000000400820        0x0 /usr/lib/gcc/x86_64-linux-gnu/5/../../../x86_64-linux-gnu/crt1.o
 .rela.text.str_subscr
                0x0000000000400820        0x0 /usr/lib/gcc/x86_64-linux-gnu/5/../../../x86_64-linux-gnu/crt1.o
 .rela.text.tuple_index
                0x0000000000400820        0x0 /usr/lib/gcc/x86_64-linux-gnu/5/../../../x86_64-linux-gnu/crt1.o
 .rela.text.tuple_count
                0x0000000000400820        0x0 /usr/lib/gcc/x86_64-linux-gnu/5/../../../x86_64-linux-gnu/crt1.o
 .rela.text.mp_obj_tuple_binary_op
                0x0000000000400820        0x0 /usr/lib/gcc/x86_64-linux-gnu/5/../../../x86_64-linux-gnu/crt1.o
 .rela.text.mp_obj_tuple_subscr
                0x0000000000400820        0x0 /usr/lib/gcc/x86_64-linux-gnu/5/../../../x86_64-linux-gnu/crt1.o
 .rela.text.mp_obj_tuple_get
                0x0000000000400820        0x0 /usr/lib/gcc/x86_64-linux-gnu/5/../../../x86_64-linux-gnu/crt1.o
 .rela.text.mp_obj_tuple_del
                0x0000000000400820        0x0 /usr/lib/gcc/x86_64-linux-gnu/5/../../../x86_64-linux-gnu/crt1.o
 .rela.text.mp_obj_class_lookup
                0x0000000000400820        0x0 /usr/lib/gcc/x86_64-linux-gnu/5/../../../x86_64-linux-gnu/crt1.o
 .rela.text.type_attr
                0x0000000000400820        0x0 /usr/lib/gcc/x86_64-linux-gnu/5/../../../x86_64-linux-gnu/crt1.o
 .rela.text.super_attr
                0x0000000000400820        0x0 /usr/lib/gcc/x86_64-linux-gnu/5/../../../x86_64-linux-gnu/crt1.o
 .rela.text.instance_subscr
                0x0000000000400820        0x0 /usr/lib/gcc/x86_64-linux-gnu/5/../../../x86_64-linux-gnu/crt1.o
 .rela.text.instance_binary_op
                0x0000000000400820        0x0 /usr/lib/gcc/x86_64-linux-gnu/5/../../../x86_64-linux-gnu/crt1.o
 .rela.text.instance_unary_op
                0x0000000000400820        0x0 /usr/lib/gcc/x86_64-linux-gnu/5/../../../x86_64-linux-gnu/crt1.o
 .rela.text.instance_print
                0x0000000000400820        0x0 /usr/lib/gcc/x86_64-linux-gnu/5/../../../x86_64-linux-gnu/crt1.o
 .rela.text.mp_obj_instance_attr
                0x0000000000400820        0x0 /usr/lib/gcc/x86_64-linux-gnu/5/../../../x86_64-linux-gnu/crt1.o
 .rela.text.instance_count_native_bases
                0x0000000000400820        0x0 /usr/lib/gcc/x86_64-linux-gnu/5/../../../x86_64-linux-gnu/crt1.o
 .rela.text.mp_obj_instance_make_new
                0x0000000000400820        0x0 /usr/lib/gcc/x86_64-linux-gnu/5/../../../x86_64-linux-gnu/crt1.o
 .rela.text.instance_get_buffer
                0x0000000000400820        0x0 /usr/lib/gcc/x86_64-linux-gnu/5/../../../x86_64-linux-gnu/crt1.o
 .rela.text.instance_getiter
                0x0000000000400820        0x0 /usr/lib/gcc/x86_64-linux-gnu/5/../../../x86_64-linux-gnu/crt1.o
 .rela.text.static_class_method_make_new
                0x0000000000400820        0x0 /usr/lib/gcc/x86_64-linux-gnu/5/../../../x86_64-linux-gnu/crt1.o
 .rela.text.mp_obj_instance_call
                0x0000000000400820        0x0 /usr/lib/gcc/x86_64-linux-gnu/5/../../../x86_64-linux-gnu/crt1.o
 .rela.text.mp_obj_instance_is_callable
                0x0000000000400820        0x0 /usr/lib/gcc/x86_64-linux-gnu/5/../../../x86_64-linux-gnu/crt1.o
 .rela.text.mp_obj_new_type
                0x0000000000400820        0x0 /usr/lib/gcc/x86_64-linux-gnu/5/../../../x86_64-linux-gnu/crt1.o
 .rela.text.mp_load_super_method
                0x0000000000400820        0x0 /usr/lib/gcc/x86_64-linux-gnu/5/../../../x86_64-linux-gnu/crt1.o
 .rela.text.mp_obj_is_subclass
                0x0000000000400820        0x0 /usr/lib/gcc/x86_64-linux-gnu/5/../../../x86_64-linux-gnu/crt1.o
 .rela.text.mp_seq_get_fast_slice_indexes
                0x0000000000400820        0x0 /usr/lib/gcc/x86_64-linux-gnu/5/../../../x86_64-linux-gnu/crt1.o
 .rela.text.mp_seq_cmp_bytes
                0x0000000000400820        0x0 /usr/lib/gcc/x86_64-linux-gnu/5/../../../x86_64-linux-gnu/crt1.o
 .rela.text.stream_read_generic
                0x0000000000400820        0x0 /usr/lib/gcc/x86_64-linux-gnu/5/../../../x86_64-linux-gnu/crt1.o
 .rela.text.stream_readinto
                0x0000000000400820        0x0 /usr/lib/gcc/x86_64-linux-gnu/5/../../../x86_64-linux-gnu/crt1.o
 .rela.text.stream_unbuffered_readline
                0x0000000000400820        0x0 /usr/lib/gcc/x86_64-linux-gnu/5/../../../x86_64-linux-gnu/crt1.o
 .rela.text.stream_seek
                0x0000000000400820        0x0 /usr/lib/gcc/x86_64-linux-gnu/5/../../../x86_64-linux-gnu/crt1.o
 .rela.text.stream_tell
                0x0000000000400820        0x0 /usr/lib/gcc/x86_64-linux-gnu/5/../../../x86_64-linux-gnu/crt1.o
 .rela.text.stream_flush
                0x0000000000400820        0x0 /usr/lib/gcc/x86_64-linux-gnu/5/../../../x86_64-linux-gnu/crt1.o
 .rela.text.stream_ioctl
                0x0000000000400820        0x0 /usr/lib/gcc/x86_64-linux-gnu/5/../../../x86_64-linux-gnu/crt1.o
 .rela.text.mp_stream_close
                0x0000000000400820        0x0 /usr/lib/gcc/x86_64-linux-gnu/5/../../../x86_64-linux-gnu/crt1.o
 .rela.text.mp_stream_write
                0x0000000000400820        0x0 /usr/lib/gcc/x86_64-linux-gnu/5/../../../x86_64-linux-gnu/crt1.o
 .rela.text.stream_write_method
                0x0000000000400820        0x0 /usr/lib/gcc/x86_64-linux-gnu/5/../../../x86_64-linux-gnu/crt1.o
 .rela.text.stream_write1_method
                0x0000000000400820        0x0 /usr/lib/gcc/x86_64-linux-gnu/5/../../../x86_64-linux-gnu/crt1.o
 .rela.text.mp_binary_get_val
                0x0000000000400820        0x0 /usr/lib/gcc/x86_64-linux-gnu/5/../../../x86_64-linux-gnu/crt1.o
 .rela.text.mp_binary_set_val
                0x0000000000400820        0x0 /usr/lib/gcc/x86_64-linux-gnu/5/../../../x86_64-linux-gnu/crt1.o
 .rela.text.stat_dir_or_file
                0x0000000000400820        0x0 /usr/lib/gcc/x86_64-linux-gnu/5/../../../x86_64-linux-gnu/crt1.o
 .rela.text.mp_builtin___import__
                0x0000000000400820        0x0 /usr/lib/gcc/x86_64-linux-gnu/5/../../../x86_64-linux-gnu/crt1.o
 .rela.text.mp_obj_is_package
                0x0000000000400820        0x0 /usr/lib/gcc/x86_64-linux-gnu/5/../../../x86_64-linux-gnu/crt1.o
 .rela.text.eval_exec_helper
                0x0000000000400820        0x0 /usr/lib/gcc/x86_64-linux-gnu/5/../../../x86_64-linux-gnu/crt1.o
 .rela.text.mp_builtin_globals
                0x0000000000400820        0x0 /usr/lib/gcc/x86_64-linux-gnu/5/../../../x86_64-linux-gnu/crt1.o
 .rela.text.mp_builtin_locals
                0x0000000000400820        0x0 /usr/lib/gcc/x86_64-linux-gnu/5/../../../x86_64-linux-gnu/crt1.o
 .rela.text.mp_builtin___build_class__
                0x0000000000400820        0x0 /usr/lib/gcc/x86_64-linux-gnu/5/../../../x86_64-linux-gnu/crt1.o
 .rela.text.mp_builtin_all
                0x0000000000400820        0x0 /usr/lib/gcc/x86_64-linux-gnu/5/../../../x86_64-linux-gnu/crt1.o
 .rela.text.mp_builtin_any
                0x0000000000400820        0x0 /usr/lib/gcc/x86_64-linux-gnu/5/../../../x86_64-linux-gnu/crt1.o
 .rela.text.mp_builtin_bin
                0x0000000000400820        0x0 /usr/lib/gcc/x86_64-linux-gnu/5/../../../x86_64-linux-gnu/crt1.o
 .rela.text.mp_builtin_chr
                0x0000000000400820        0x0 /usr/lib/gcc/x86_64-linux-gnu/5/../../../x86_64-linux-gnu/crt1.o
 .rela.text.mp_builtin_sum
                0x0000000000400820        0x0 /usr/lib/gcc/x86_64-linux-gnu/5/../../../x86_64-linux-gnu/crt1.o
 .rela.text.mp_builtin_min_max
                0x0000000000400820        0x0 /usr/lib/gcc/x86_64-linux-gnu/5/../../../x86_64-linux-gnu/crt1.o
 .rela.text.mp_builtin_ord
                0x0000000000400820        0x0 /usr/lib/gcc/x86_64-linux-gnu/5/../../../x86_64-linux-gnu/crt1.o
 .rela.text.mp_builtin_print
                0x0000000000400820        0x0 /usr/lib/gcc/x86_64-linux-gnu/5/../../../x86_64-linux-gnu/crt1.o
 .rela.text.mp_builtin_repr
                0x0000000000400820        0x0 /usr/lib/gcc/x86_64-linux-gnu/5/../../../x86_64-linux-gnu/crt1.o
 .rela.text.mp_builtin_round
                0x0000000000400820        0x0 /usr/lib/gcc/x86_64-linux-gnu/5/../../../x86_64-linux-gnu/crt1.o
 .rela.text.mp_builtin_sorted
                0x0000000000400820        0x0 /usr/lib/gcc/x86_64-linux-gnu/5/../../../x86_64-linux-gnu/crt1.o
 .rela.text.mp_builtin_hasattr
                0x0000000000400820        0x0 /usr/lib/gcc/x86_64-linux-gnu/5/../../../x86_64-linux-gnu/crt1.o
 .rela.text.mp_builtin_getattr
                0x0000000000400820        0x0 /usr/lib/gcc/x86_64-linux-gnu/5/../../../x86_64-linux-gnu/crt1.o
 .rela.text.mp_builtin_dir
                0x0000000000400820        0x0 /usr/lib/gcc/x86_64-linux-gnu/5/../../../x86_64-linux-gnu/crt1.o
 .rela.text.mp_micropython_opt_level
                0x0000000000400820        0x0 /usr/lib/gcc/x86_64-linux-gnu/5/../../../x86_64-linux-gnu/crt1.o
 .rela.text.calc_size_items
                0x0000000000400820        0x0 /usr/lib/gcc/x86_64-linux-gnu/5/../../../x86_64-linux-gnu/crt1.o
 .rela.text.struct_calcsize
                0x0000000000400820        0x0 /usr/lib/gcc/x86_64-linux-gnu/5/../../../x86_64-linux-gnu/crt1.o
 .rela.text.struct_unpack_from
                0x0000000000400820        0x0 /usr/lib/gcc/x86_64-linux-gnu/5/../../../x86_64-linux-gnu/crt1.o
 .rela.text.struct_pack_into_internal
                0x0000000000400820        0x0 /usr/lib/gcc/x86_64-linux-gnu/5/../../../x86_64-linux-gnu/crt1.o
 .rela.text.struct_pack
                0x0000000000400820        0x0 /usr/lib/gcc/x86_64-linux-gnu/5/../../../x86_64-linux-gnu/crt1.o
 .rela.text.struct_pack_into
                0x0000000000400820        0x0 /usr/lib/gcc/x86_64-linux-gnu/5/../../../x86_64-linux-gnu/crt1.o
 .rela.text.mp_execute_bytecode
                0x0000000000400820        0x0 /usr/lib/gcc/x86_64-linux-gnu/5/../../../x86_64-linux-gnu/crt1.o
 .rela.text.mp_setup_code_state
                0x0000000000400820        0x0 /usr/lib/gcc/x86_64-linux-gnu/5/../../../x86_64-linux-gnu/crt1.o
 .rela.text.mod_binascii_hexlify
                0x0000000000400820        0x0 /usr/lib/gcc/x86_64-linux-gnu/5/../../../x86_64-linux-gnu/crt1.o
 .rela.text.mod_binascii_b2a_base64
                0x0000000000400820        0x0 /usr/lib/gcc/x86_64-linux-gnu/5/../../../x86_64-linux-gnu/crt1.o
 .rela.text.mod_binascii_unhexlify
                0x0000000000400820        0x0 /usr/lib/gcc/x86_64-linux-gnu/5/../../../x86_64-linux-gnu/crt1.o
 .rela.text.mod_binascii_a2b_base64
                0x0000000000400820        0x0 /usr/lib/gcc/x86_64-linux-gnu/5/../../../x86_64-linux-gnu/crt1.o
 .rela.text.stderr_print_strn
                0x0000000000400820        0x0 /usr/lib/gcc/x86_64-linux-gnu/5/../../../x86_64-linux-gnu/crt1.o
 .rela.text.usage.isra.0
                0x0000000000400820        0x0 /usr/lib/gcc/x86_64-linux-gnu/5/../../../x86_64-linux-gnu/crt1.o
 .rela.text.main_
                0x0000000000400820        0x0 /usr/lib/gcc/x86_64-linux-gnu/5/../../../x86_64-linux-gnu/crt1.o
 .rela.text.nlr_jump_fail
                0x0000000000400820        0x0 /usr/lib/gcc/x86_64-linux-gnu/5/../../../x86_64-linux-gnu/crt1.o
 .rela.text.gc_collect
                0x0000000000400820        0x0 /usr/lib/gcc/x86_64-linux-gnu/5/../../../x86_64-linux-gnu/crt1.o
 *(.rela.fini)
 *(.rela.rodata .rela.rodata.* .rela.gnu.linkonce.r.*)
 .rela.rodata.mp_type_checked_fun
                0x0000000000400820        0x0 /usr/lib/gcc/x86_64-linux-gnu/5/../../../x86_64-linux-gnu/crt1.o
 .rela.rodata.mp_module___main__
                0x0000000000400820        0x0 /usr/lib/gcc/x86_64-linux-gnu/5/../../../x86_64-linux-gnu/crt1.o
 .rela.rodata.mp_identity_obj
                0x0000000000400820        0x0 /usr/lib/gcc/x86_64-linux-gnu/5/../../../x86_64-linux-gnu/crt1.o
 .rela.rodata.array_it_type
                0x0000000000400820        0x0 /usr/lib/gcc/x86_64-linux-gnu/5/../../../x86_64-linux-gnu/crt1.o
 .rela.rodata.mp_type_bytearray
                0x0000000000400820        0x0 /usr/lib/gcc/x86_64-linux-gnu/5/../../../x86_64-linux-gnu/crt1.o
 .rela.rodata.array_locals_dict
                0x0000000000400820        0x0 /usr/lib/gcc/x86_64-linux-gnu/5/../../../x86_64-linux-gnu/crt1.o
 .rela.rodata.array_extend_obj
                0x0000000000400820        0x0 /usr/lib/gcc/x86_64-linux-gnu/5/../../../x86_64-linux-gnu/crt1.o
 .rela.rodata.array_append_obj
                0x0000000000400820        0x0 /usr/lib/gcc/x86_64-linux-gnu/5/../../../x86_64-linux-gnu/crt1.o
 .rela.rodata.mp_type_bool
                0x0000000000400820        0x0 /usr/lib/gcc/x86_64-linux-gnu/5/../../../x86_64-linux-gnu/crt1.o
 .rela.rodata.mp_type_bound_meth
                0x0000000000400820        0x0 /usr/lib/gcc/x86_64-linux-gnu/5/../../../x86_64-linux-gnu/crt1.o
 .rela.rodata.mp_type_cell
                0x0000000000400820        0x0 /usr/lib/gcc/x86_64-linux-gnu/5/../../../x86_64-linux-gnu/crt1.o
 .rela.rodata.closure_type
                0x0000000000400820        0x0 /usr/lib/gcc/x86_64-linux-gnu/5/../../../x86_64-linux-gnu/crt1.o
 .rela.rodata.mp_type_complex
                0x0000000000400820        0x0 /usr/lib/gcc/x86_64-linux-gnu/5/../../../x86_64-linux-gnu/crt1.o
 .rela.rodata.mp_type_dict
                0x0000000000400820        0x0 /usr/lib/gcc/x86_64-linux-gnu/5/../../../x86_64-linux-gnu/crt1.o
 .rela.rodata.dict_locals_dict_table
                0x0000000000400820        0x0 /usr/lib/gcc/x86_64-linux-gnu/5/../../../x86_64-linux-gnu/crt1.o
 .rela.rodata.dict_values_obj
                0x0000000000400820        0x0 /usr/lib/gcc/x86_64-linux-gnu/5/../../../x86_64-linux-gnu/crt1.o
 .rela.rodata.dict_keys_obj
                0x0000000000400820        0x0 /usr/lib/gcc/x86_64-linux-gnu/5/../../../x86_64-linux-gnu/crt1.o
 .rela.rodata.dict_items_obj
                0x0000000000400820        0x0 /usr/lib/gcc/x86_64-linux-gnu/5/../../../x86_64-linux-gnu/crt1.o
 .rela.rodata.dict_view_it_type
                0x0000000000400820        0x0 /usr/lib/gcc/x86_64-linux-gnu/5/../../../x86_64-linux-gnu/crt1.o
 .rela.rodata.dict_view_type
                0x0000000000400820        0x0 /usr/lib/gcc/x86_64-linux-gnu/5/../../../x86_64-linux-gnu/crt1.o
 .rela.rodata.dict_update_obj
                0x0000000000400820        0x0 /usr/lib/gcc/x86_64-linux-gnu/5/../../../x86_64-linux-gnu/crt1.o
 .rela.rodata.dict_popitem_obj
                0x0000000000400820        0x0 /usr/lib/gcc/x86_64-linux-gnu/5/../../../x86_64-linux-gnu/crt1.o
 .rela.rodata.dict_setdefault_obj
                0x0000000000400820        0x0 /usr/lib/gcc/x86_64-linux-gnu/5/../../../x86_64-linux-gnu/crt1.o
 .rela.rodata.dict_pop_obj
                0x0000000000400820        0x0 /usr/lib/gcc/x86_64-linux-gnu/5/../../../x86_64-linux-gnu/crt1.o
 .rela.rodata.dict_get_obj
                0x0000000000400820        0x0 /usr/lib/gcc/x86_64-linux-gnu/5/../../../x86_64-linux-gnu/crt1.o
 .rela.rodata.dict_fromkeys_obj
                0x0000000000400820        0x0 /usr/lib/gcc/x86_64-linux-gnu/5/../../../x86_64-linux-gnu/crt1.o
 .rela.rodata.dict_fromkeys_fun_obj
                0x0000000000400820        0x0 /usr/lib/gcc/x86_64-linux-gnu/5/../../../x86_64-linux-gnu/crt1.o
 .rela.rodata.dict_copy_obj
                0x0000000000400820        0x0 /usr/lib/gcc/x86_64-linux-gnu/5/../../../x86_64-linux-gnu/crt1.o
 .rela.rodata.dict_clear_obj
                0x0000000000400820        0x0 /usr/lib/gcc/x86_64-linux-gnu/5/../../../x86_64-linux-gnu/crt1.o
 .rela.rodata.mp_type_enumerate
                0x0000000000400820        0x0 /usr/lib/gcc/x86_64-linux-gnu/5/../../../x86_64-linux-gnu/crt1.o
 .rela.rodata.mp_type_UnicodeError
                0x0000000000400820        0x0 /usr/lib/gcc/x86_64-linux-gnu/5/../../../x86_64-linux-gnu/crt1.o
 .rela.rodata.mp_type_ValueError
                0x0000000000400820        0x0 /usr/lib/gcc/x86_64-linux-gnu/5/../../../x86_64-linux-gnu/crt1.o
 .rela.rodata.mp_type_TypeError
                0x0000000000400820        0x0 /usr/lib/gcc/x86_64-linux-gnu/5/../../../x86_64-linux-gnu/crt1.o
 .rela.rodata.mp_type_IndentationError
                0x0000000000400820        0x0 /usr/lib/gcc/x86_64-linux-gnu/5/../../../x86_64-linux-gnu/crt1.o
 .rela.rodata.mp_type_SyntaxError
                0x0000000000400820        0x0 /usr/lib/gcc/x86_64-linux-gnu/5/../../../x86_64-linux-gnu/crt1.o
 .rela.rodata.mp_type_NotImplementedError
                0x0000000000400820        0x0 /usr/lib/gcc/x86_64-linux-gnu/5/../../../x86_64-linux-gnu/crt1.o
 .rela.rodata.mp_type_RuntimeError
                0x0000000000400820        0x0 /usr/lib/gcc/x86_64-linux-gnu/5/../../../x86_64-linux-gnu/crt1.o
 .rela.rodata.mp_type_OSError
                0x0000000000400820        0x0 /usr/lib/gcc/x86_64-linux-gnu/5/../../../x86_64-linux-gnu/crt1.o
 .rela.rodata.mp_type_NameError
                0x0000000000400820        0x0 /usr/lib/gcc/x86_64-linux-gnu/5/../../../x86_64-linux-gnu/crt1.o
 .rela.rodata.mp_type_MemoryError
                0x0000000000400820        0x0 /usr/lib/gcc/x86_64-linux-gnu/5/../../../x86_64-linux-gnu/crt1.o
 .rela.rodata.mp_type_KeyError
                0x0000000000400820        0x0 /usr/lib/gcc/x86_64-linux-gnu/5/../../../x86_64-linux-gnu/crt1.o
 .rela.rodata.mp_type_IndexError
                0x0000000000400820        0x0 /usr/lib/gcc/x86_64-linux-gnu/5/../../../x86_64-linux-gnu/crt1.o
 .rela.rodata.mp_type_LookupError
                0x0000000000400820        0x0 /usr/lib/gcc/x86_64-linux-gnu/5/../../../x86_64-linux-gnu/crt1.o
 .rela.rodata.mp_type_ImportError
                0x0000000000400820        0x0 /usr/lib/gcc/x86_64-linux-gnu/5/../../../x86_64-linux-gnu/crt1.o
 .rela.rodata.mp_type_EOFError
                0x0000000000400820        0x0 /usr/lib/gcc/x86_64-linux-gnu/5/../../../x86_64-linux-gnu/crt1.o
 .rela.rodata.mp_type_AttributeError
                0x0000000000400820        0x0 /usr/lib/gcc/x86_64-linux-gnu/5/../../../x86_64-linux-gnu/crt1.o
 .rela.rodata.mp_type_AssertionError
                0x0000000000400820        0x0 /usr/lib/gcc/x86_64-linux-gnu/5/../../../x86_64-linux-gnu/crt1.o
 .rela.rodata.mp_type_ZeroDivisionError
                0x0000000000400820        0x0 /usr/lib/gcc/x86_64-linux-gnu/5/../../../x86_64-linux-gnu/crt1.o
 .rela.rodata.mp_type_OverflowError
                0x0000000000400820        0x0 /usr/lib/gcc/x86_64-linux-gnu/5/../../../x86_64-linux-gnu/crt1.o
 .rela.rodata.mp_type_ArithmeticError
                0x0000000000400820        0x0 /usr/lib/gcc/x86_64-linux-gnu/5/../../../x86_64-linux-gnu/crt1.o
 .rela.rodata.mp_type_StopIteration
                0x0000000000400820        0x0 /usr/lib/gcc/x86_64-linux-gnu/5/../../../x86_64-linux-gnu/crt1.o
 .rela.rodata.mp_type_StopAsyncIteration
                0x0000000000400820        0x0 /usr/lib/gcc/x86_64-linux-gnu/5/../../../x86_64-linux-gnu/crt1.o
 .rela.rodata.mp_type_Exception
                0x0000000000400820        0x0 /usr/lib/gcc/x86_64-linux-gnu/5/../../../x86_64-linux-gnu/crt1.o
 .rela.rodata.mp_type_GeneratorExit
                0x0000000000400820        0x0 /usr/lib/gcc/x86_64-linux-gnu/5/../../../x86_64-linux-gnu/crt1.o
 .rela.rodata.mp_type_KeyboardInterrupt
                0x0000000000400820        0x0 /usr/lib/gcc/x86_64-linux-gnu/5/../../../x86_64-linux-gnu/crt1.o
 .rela.rodata.mp_type_SystemExit
                0x0000000000400820        0x0 /usr/lib/gcc/x86_64-linux-gnu/5/../../../x86_64-linux-gnu/crt1.o
 .rela.rodata.mp_type_BaseException
                0x0000000000400820        0x0 /usr/lib/gcc/x86_64-linux-gnu/5/../../../x86_64-linux-gnu/crt1.o
 .rela.rodata.exc___init___obj
                0x0000000000400820        0x0 /usr/lib/gcc/x86_64-linux-gnu/5/../../../x86_64-linux-gnu/crt1.o
 .rela.rodata.mp_const_GeneratorExit_obj
                0x0000000000400820        0x0 /usr/lib/gcc/x86_64-linux-gnu/5/../../../x86_64-linux-gnu/crt1.o
 .rela.rodata.mp_const_MemoryError_obj
                0x0000000000400820        0x0 /usr/lib/gcc/x86_64-linux-gnu/5/../../../x86_64-linux-gnu/crt1.o
 .rela.rodata.mp_type_filter
                0x0000000000400820        0x0 /usr/lib/gcc/x86_64-linux-gnu/5/../../../x86_64-linux-gnu/crt1.o
 .rela.rodata.mp_type_float
                0x0000000000400820        0x0 /usr/lib/gcc/x86_64-linux-gnu/5/../../../x86_64-linux-gnu/crt1.o
 .rela.rodata.mp_type_fun_bc
                0x0000000000400820        0x0 /usr/lib/gcc/x86_64-linux-gnu/5/../../../x86_64-linux-gnu/crt1.o
 .rela.rodata.mp_type_fun_builtin_var
                0x0000000000400820        0x0 /usr/lib/gcc/x86_64-linux-gnu/5/../../../x86_64-linux-gnu/crt1.o
 .rela.rodata.mp_type_fun_builtin_3
                0x0000000000400820        0x0 /usr/lib/gcc/x86_64-linux-gnu/5/../../../x86_64-linux-gnu/crt1.o
 .rela.rodata.mp_type_fun_builtin_2
                0x0000000000400820        0x0 /usr/lib/gcc/x86_64-linux-gnu/5/../../../x86_64-linux-gnu/crt1.o
 .rela.rodata.mp_type_fun_builtin_1
                0x0000000000400820        0x0 /usr/lib/gcc/x86_64-linux-gnu/5/../../../x86_64-linux-gnu/crt1.o
 .rela.rodata.mp_type_fun_builtin_0
                0x0000000000400820        0x0 /usr/lib/gcc/x86_64-linux-gnu/5/../../../x86_64-linux-gnu/crt1.o
 .rela.rodata.mp_type_gen_instance
                0x0000000000400820        0x0 /usr/lib/gcc/x86_64-linux-gnu/5/../../../x86_64-linux-gnu/crt1.o
 .rela.rodata.mp_type_gen_wrap
                0x0000000000400820        0x0 /usr/lib/gcc/x86_64-linux-gnu/5/../../../x86_64-linux-gnu/crt1.o
 .rela.rodata.it_type
                0x0000000000400820        0x0 /usr/lib/gcc/x86_64-linux-gnu/5/../../../x86_64-linux-gnu/crt1.o
 .rela.rodata.mp_type_int
                0x0000000000400820        0x0 /usr/lib/gcc/x86_64-linux-gnu/5/../../../x86_64-linux-gnu/crt1.o
 .rela.rodata.int_from_bytes_obj
                0x0000000000400820        0x0 /usr/lib/gcc/x86_64-linux-gnu/5/../../../x86_64-linux-gnu/crt1.o
 .rela.rodata.allowed_args.3879
                0x0000000000400820        0x0 /usr/lib/gcc/x86_64-linux-gnu/5/../../../x86_64-linux-gnu/crt1.o
 .rela.rodata.mp_type_list
                0x0000000000400820        0x0 /usr/lib/gcc/x86_64-linux-gnu/5/../../../x86_64-linux-gnu/crt1.o
 .rela.rodata.mp_type_map
                0x0000000000400820        0x0 /usr/lib/gcc/x86_64-linux-gnu/5/../../../x86_64-linux-gnu/crt1.o
 .rela.rodata.mp_builtin_module_table
                0x0000000000400820        0x0 /usr/lib/gcc/x86_64-linux-gnu/5/../../../x86_64-linux-gnu/crt1.o
 .rela.rodata.mp_type_module
                0x0000000000400820        0x0 /usr/lib/gcc/x86_64-linux-gnu/5/../../../x86_64-linux-gnu/crt1.o
 .rela.rodata.mp_type_object
                0x0000000000400820        0x0 /usr/lib/gcc/x86_64-linux-gnu/5/../../../x86_64-linux-gnu/crt1.o
 .rela.rodata.object___new___obj
                0x0000000000400820        0x0 /usr/lib/gcc/x86_64-linux-gnu/5/../../../x86_64-linux-gnu/crt1.o
 .rela.rodata.mp_type_polymorph_iter
                0x0000000000400820        0x0 /usr/lib/gcc/x86_64-linux-gnu/5/../../../x86_64-linux-gnu/crt1.o
 .rela.rodata.allowed_args.4168
                0x0000000000400820        0x0 /usr/lib/gcc/x86_64-linux-gnu/5/../../../x86_64-linux-gnu/crt1.o
 .rela.rodata.mp_type_property
                0x0000000000400820        0x0 /usr/lib/gcc/x86_64-linux-gnu/5/../../../x86_64-linux-gnu/crt1.o
 .rela.rodata.mp_type_NoneType
                0x0000000000400820        0x0 /usr/lib/gcc/x86_64-linux-gnu/5/../../../x86_64-linux-gnu/crt1.o
 .rela.rodata.mp_type_range
                0x0000000000400820        0x0 /usr/lib/gcc/x86_64-linux-gnu/5/../../../x86_64-linux-gnu/crt1.o
 .rela.rodata.range_it_type
                0x0000000000400820        0x0 /usr/lib/gcc/x86_64-linux-gnu/5/../../../x86_64-linux-gnu/crt1.o
 .rela.rodata.mp_type_reversed
                0x0000000000400820        0x0 /usr/lib/gcc/x86_64-linux-gnu/5/../../../x86_64-linux-gnu/crt1.o
 .rela.rodata.mp_type_set
                0x0000000000400820        0x0 /usr/lib/gcc/x86_64-linux-gnu/5/../../../x86_64-linux-gnu/crt1.o
 .rela.rodata.set_locals_dict_table
                0x0000000000400820        0x0 /usr/lib/gcc/x86_64-linux-gnu/5/../../../x86_64-linux-gnu/crt1.o
 .rela.rodata.mp_type_singleton
                0x0000000000400820        0x0 /usr/lib/gcc/x86_64-linux-gnu/5/../../../x86_64-linux-gnu/crt1.o
 .rela.rodata.mp_type_slice
                0x0000000000400820        0x0 /usr/lib/gcc/x86_64-linux-gnu/5/../../../x86_64-linux-gnu/crt1.o
 .rela.rodata.mp_type_bytes
                0x0000000000400820        0x0 /usr/lib/gcc/x86_64-linux-gnu/5/../../../x86_64-linux-gnu/crt1.o
 .rela.rodata.mp_type_str
                0x0000000000400820        0x0 /usr/lib/gcc/x86_64-linux-gnu/5/../../../x86_64-linux-gnu/crt1.o
 .rela.rodata.mp_type_tuple
                0x0000000000400820        0x0 /usr/lib/gcc/x86_64-linux-gnu/5/../../../x86_64-linux-gnu/crt1.o
 *(.rela.data .rela.data.* .rela.gnu.linkonce.d.*)
 *(.rela.tdata .rela.tdata.* .rela.gnu.linkonce.td.*)
 *(.rela.tbss .rela.tbss.* .rela.gnu.linkonce.tb.*)
 *(.rela.ctors)
 *(.rela.dtors)
 *(.rela.got)
 .rela.got      0x0000000000400820       0x18 /usr/lib/gcc/x86_64-linux-gnu/5/../../../x86_64-linux-gnu/crt1.o
 *(.rela.bss .rela.bss.* .rela.gnu.linkonce.b.*)
 .rela.bss      0x0000000000400838        0x0 /usr/lib/gcc/x86_64-linux-gnu/5/../../../x86_64-linux-gnu/crt1.o
 *(.rela.ldata .rela.ldata.* .rela.gnu.linkonce.l.*)
 *(.rela.lbss .rela.lbss.* .rela.gnu.linkonce.lb.*)
 *(.rela.lrodata .rela.lrodata.* .rela.gnu.linkonce.lr.*)
 *(.rela.ifunc)

.rela.plt       0x0000000000400838      0x2b8
 *(.rela.plt)
 .rela.plt      0x0000000000400838      0x2b8 /usr/lib/gcc/x86_64-linux-gnu/5/../../../x86_64-linux-gnu/crt1.o
                [!provide]                        PROVIDE (__rela_iplt_start, .)
 *(.rela.iplt)
 .rela.iplt     0x0000000000400af0        0x0 /usr/lib/gcc/x86_64-linux-gnu/5/../../../x86_64-linux-gnu/crt1.o
                [!provide]                        PROVIDE (__rela_iplt_end, .)

.init           0x0000000000400af0       0x1a
 *(SORT(.init))
 .init          0x0000000000400af0       0x15 /usr/lib/gcc/x86_64-linux-gnu/5/../../../x86_64-linux-gnu/crti.o
                0x0000000000400af0                _init
 .init          0x0000000000400b05        0x5 /usr/lib/gcc/x86_64-linux-gnu/5/../../../x86_64-linux-gnu/crtn.o

.plt            0x0000000000400b10      0x1e0
 *(.plt)
 .plt           0x0000000000400b10      0x1e0 /usr/lib/gcc/x86_64-linux-gnu/5/../../../x86_64-linux-gnu/crt1.o
                0x0000000000400b20                __errno_location@@GLIBC_2.2.5
                0x0000000000400b30                strncmp@@GLIBC_2.2.5
                0x0000000000400b40                puts@@GLIBC_2.2.5
                0x0000000000400b50                exp@@GLIBC_2.2.5
                0x0000000000400b60                __fpclassify@@GLIBC_2.2.5
                0x0000000000400b70                write@@GLIBC_2.2.5
                0x0000000000400b80                __stack_chk_fail@@GLIBC_2.4
                0x0000000000400b90                strchr@@GLIBC_2.2.5
                0x0000000000400ba0                __assert_fail@@GLIBC_2.2.5
                0x0000000000400bb0                memset@@GLIBC_2.2.5
                0x0000000000400bc0                pow@@GLIBC_2.2.5
                0x0000000000400bd0                sincos@@GLIBC_2.2.5
                0x0000000000400be0                log@@GLIBC_2.2.5
                0x0000000000400bf0                close@@GLIBC_2.2.5
                0x0000000000400c00                fmod@@GLIBC_2.2.5
                0x0000000000400c10                read@@GLIBC_2.2.5
                0x0000000000400c20                __libc_start_main@@GLIBC_2.2.5
                0x0000000000400c30                memcmp@@GLIBC_2.2.5
                0x0000000000400c40                strcmp@@GLIBC_2.2.5
                0x0000000000400c50                strtol@@GLIBC_2.2.5
                0x0000000000400c60                memcpy@@GLIBC_2.14
                0x0000000000400c70                malloc@@GLIBC_2.2.5
                0x0000000000400c80                atan2@@GLIBC_2.2.5
                0x0000000000400c90                __printf_chk@@GLIBC_2.3.4
                0x0000000000400ca0                memmove@@GLIBC_2.2.5
                0x0000000000400cb0                open@@GLIBC_2.2.5
                0x0000000000400cc0                floor@@GLIBC_2.2.5
                0x0000000000400cd0                exit@@GLIBC_2.2.5
                0x0000000000400ce0                sqrt@@GLIBC_2.2.5
 *(.iplt)
 .iplt          0x0000000000400cf0        0x0 /usr/lib/gcc/x86_64-linux-gnu/5/../../../x86_64-linux-gnu/crt1.o

.plt.got        0x0000000000400cf0        0x8
 *(.plt.got)
 .plt.got       0x0000000000400cf0        0x8 /usr/lib/gcc/x86_64-linux-gnu/5/../../../x86_64-linux-gnu/crt1.o

.plt.bnd
 *(.plt.bnd)

.text           0x0000000000400d00    0x178d2
 *(.text.unlikely .text.*_unlikely .text.unlikely.*)
 .text.unlikely.bad_implicit_conversion
                0x0000000000400d00       0x37 build/py/objstr.o
 *(.text.exit .text.exit.*)
 *(.text.startup .text.startup.*)
 .text.startup.main
                0x0000000000400d37       0x22 build/main.o
                0x0000000000400d37                main
 *(.text.hot .text.hot.*)
 *(.text .stub .text.* .gnu.linkonce.t.*)
 *fill*         0x0000000000400d59        0x7 
 .text          0x0000000000400d60       0x2a /usr/lib/gcc/x86_64-linux-gnu/5/../../../x86_64-linux-gnu/crt1.o
                0x0000000000400d60                _start
 *fill*         0x0000000000400d8a        0x6 
 .text          0x0000000000400d90       0xc6 /usr/lib/gcc/x86_64-linux-gnu/5/crtbegin.o
 .text.nlr_push
                0x0000000000400e56       0x2c build/py/nlrx64.o
                0x0000000000400e56                nlr_push
 .text.nlr_push_tail
                0x0000000000400e82       0x14 build/py/nlrx64.o
                0x0000000000400e82                nlr_push_tail
 .text.nlr_pop  0x0000000000400e96       0x12 build/py/nlrx64.o
                0x0000000000400e96                nlr_pop
 .text.nlr_jump
                0x0000000000400ea8       0x4f build/py/nlrx64.o
                0x0000000000400ea8                nlr_jump
 .text.m_malloc
                0x0000000000400ef7       0x1f build/py/malloc.o
                0x0000000000400ef7                m_malloc
 .text.m_malloc_maybe
                0x0000000000400f16        0x7 build/py/malloc.o
                0x0000000000400f16                m_malloc_maybe
 .text.m_malloc0
                0x0000000000400f1d       0x1d build/py/malloc.o
                0x0000000000400f1d                m_malloc0
 .text.m_realloc
                0x0000000000400f3a       0x22 build/py/malloc.o
                0x0000000000400f3a                m_realloc
 .text.m_realloc_maybe
                0x0000000000400f5c        0x8 build/py/malloc.o
                0x0000000000400f5c                m_realloc_maybe
 .text.m_free   0x0000000000400f64        0x5 build/py/malloc.o
                0x0000000000400f64                m_free
 *fill*         0x0000000000400f69        0x7 
 .text.gc_drain_stack
                0x0000000000400f70      0x144 build/py/gc.o
 *fill*         0x00000000004010b4        0xc 
 .text.gc_free.part.0
                0x00000000004010c0       0xfb build/py/gc.o
 *fill*         0x00000000004011bb        0x5 
 .text.gc_init  0x00000000004011c0       0x8a build/py/gc.o
                0x00000000004011c0                gc_init
 *fill*         0x000000000040124a        0x6 
 .text.gc_is_locked
                0x0000000000401250        0xc build/py/gc.o
                0x0000000000401250                gc_is_locked
 *fill*         0x000000000040125c        0x4 
 .text.gc_collect_start
                0x0000000000401260       0xe4 build/py/gc.o
                0x0000000000401260                gc_collect_start
 *fill*         0x0000000000401344        0xc 
 .text.gc_collect_root
                0x0000000000401350       0xcc build/py/gc.o
                0x0000000000401350                gc_collect_root
 *fill*         0x000000000040141c        0x4 
 .text.gc_collect_end
                0x0000000000401420      0x17e build/py/gc.o
                0x0000000000401420                gc_collect_end
 *fill*         0x000000000040159e        0x2 
 .text.gc_alloc
                0x00000000004015a0      0x1f9 build/py/gc.o
                0x00000000004015a0                gc_alloc
 *fill*         0x0000000000401799        0x7 
 .text.gc_free  0x00000000004017a0       0x1a build/py/gc.o
                0x00000000004017a0                gc_free
 *fill*         0x00000000004017ba        0x6 
 .text.gc_realloc
                0x00000000004017c0      0x2b3 build/py/gc.o
                0x00000000004017c0                gc_realloc
 .text.find_qstr
                0x0000000000401a73       0x24 build/py/qstr.o
 .text.qstr_add
                0x0000000000401a97       0x86 build/py/qstr.o
 .text.qstr_compute_hash
                0x0000000000401b1d       0x2c build/py/qstr.o
                0x0000000000401b1d                qstr_compute_hash
 .text.qstr_init
                0x0000000000401b49       0x17 build/py/qstr.o
                0x0000000000401b49                qstr_init
 .text.qstr_find_strn
                0x0000000000401b60       0x94 build/py/qstr.o
                0x0000000000401b60                qstr_find_strn
 .text.qstr_from_strn
                0x0000000000401bf4      0x15a build/py/qstr.o
                0x0000000000401bf4                qstr_from_strn
 .text.qstr_from_str
                0x0000000000401d4e       0x1a build/py/qstr.o
                0x0000000000401d4e                qstr_from_str
 .text.qstr_build_start
                0x0000000000401d68       0x47 build/py/qstr.o
                0x0000000000401d68                qstr_build_start
 .text.qstr_build_end
                0x0000000000401daf       0x67 build/py/qstr.o
                0x0000000000401daf                qstr_build_end
 .text.qstr_hash
                0x0000000000401e16        0x9 build/py/qstr.o
                0x0000000000401e16                qstr_hash
 .text.qstr_len
                0x0000000000401e1f        0xa build/py/qstr.o
                0x0000000000401e1f                qstr_len
 .text.qstr_str
                0x0000000000401e29        0xa build/py/qstr.o
                0x0000000000401e29                qstr_str
 .text.qstr_data
                0x0000000000401e33       0x11 build/py/qstr.o
                0x0000000000401e33                qstr_data
 .text.vstr_ensure_extra
                0x0000000000401e44       0x44 build/py/vstr.o
 .text.vstr_add_strn
                0x0000000000401e88       0x31 build/py/vstr.o
                0x0000000000401e88                vstr_add_strn
 .text.vstr_init
                0x0000000000401eb9       0x2d build/py/vstr.o
                0x0000000000401eb9                vstr_init
 .text.vstr_init_len
                0x0000000000401ee6       0x1a build/py/vstr.o
                0x0000000000401ee6                vstr_init_len
 .text.vstr_init_print
                0x0000000000401f00       0x1d build/py/vstr.o
                0x0000000000401f00                vstr_init_print
 .text.vstr_clear