<html>
<body>
<pre>
<h1>µVision Build Log</h1>
<h2>Tool Versions:</h2>
IDE-Version: ¦ÌVision V5.21.1.0
Copyright (C) 2016 ARM Ltd and ARM Germany GmbH. All rights reserved.
License Information: peng nxf48054, nku, LIC=4ZL20-VUNJN-2AGCJ-C5664-ZYPSU-1MV4Y
 
Tool Versions:
Toolchain:       MDK-ARM Professional  Version: 5.21a
Toolchain Path:  C:\Keil_v5\ARM\ARMCC\Bin
C Compiler:      Armcc.exe V5.06 update 3 (build 300)
Assembler:       Armasm.exe V5.06 update 3 (build 300)
Linker/Locator:  ArmLink.exe V5.06 update 3 (build 300)
Library Manager: ArmAr.exe V5.06 update 3 (build 300)
Hex Converter:   FromElf.exe V5.06 update 3 (build 300)
CPU DLL:         SARMCM3.DLL V5.21a
Dialog DLL:      DCM.DLL V1.13.8.0
Target DLL:      Segger\JL2CM3.dll V2.99.23.0
Dialog DLL:      TCM.DLL V1.14.14.0
 
<h2>Project:</h2>
C:\Users\nxf48054\Desktop\share\newone\test_floder\micropython-rocky\ports\prj_keil_rt1060\mpyrt1060.uvprojx
Project File Date:  03/20/2019

<h2>Output:</h2>
*** Using Compiler 'V5.06 update 3 (build 300)', folder: 'C:\Keil_v5\ARM\ARMCC\Bin'
Build target 'debug_flexspi'
compiling asmbase.c...
compiling argcheck.c...
compiling builtinevex.c...
compiling bc.c...
compiling binary.c...
compiling builtinhelp.c...
compiling asmthumb.c...
compiling emitcommon.c...
compiling emitbc.c...
compiling emitglue.c...
compiling builtinimport.c...
compiling emitnative.c...
..\..\py\emitnative.c(1894): warning:  #186-D: pointless comparison of unsigned integer with zero
          } else if (MP_BINARY_OP_LESS <= op && op <= MP_BINARY_OP_NOT_EQUAL) {
..\..\py\emitnative.c: 1 warning, 0 errors
compiling emitinlinethumb.c...
compiling compile.c...
compiling frozenmod.c...
compiling gc.c...
compiling malloc.c...
compiling lexer.c...
compiling map.c...
compiling modarray.c...
compiling modcollections.c...
compiling modio.c...
compiling modcmath.c...
compiling modgc.c...
compiling modbuiltins.c...
compiling modmicropython.c...
compiling modmath.c...
compiling modsys.c...
compiling moduerrno.c...
compiling modstruct.c...
compiling modthread.c...
compiling mpstate.c...
compiling mpprint.c...
compiling nativeglue.c...
compiling objattrtuple.c...
compiling nlrthumb.c...
compiling objbool.c...
compiling objboundmeth.c...
compiling objarray.c...
compiling obj.c...
compiling objclosure.c...
compiling objcell.c...
compiling objdict.c...
compiling objcomplex.c...
compiling objenumerate.c...
compiling objfilter.c...
compiling objexcept.c...
..\..\py\objexcept.c(482): warning:  #42-D: operand types are incompatible ("mp_obj_exception_t *" and "int")
  	if (self < 0x8000) {
..\..\py\objexcept.c(482): warning:  #152-D: conversion of nonzero integer to pointer
  	if (self < 0x8000) {
..\..\py\objexcept.c: 2 warnings, 0 errors
compiling objgetitemiter.c...
compiling objfloat.c...
compiling objgenerator.c...
compiling objfun.c...
compiling objint.c...
compiling objint_longlong.c...
compiling objint_mpz.c...
compiling objmodule.c...
compiling objmap.c...
compiling objnamedtuple.c...
compiling objlist.c...
compiling objnone.c...
compiling objobject.c...
compiling objpolyiter.c...
compiling objproperty.c...
compiling objreversed.c...
compiling objrange.c...
compiling objset.c...
compiling objsingleton.c...
compiling objslice.c...
compiling objstrunicode.c...
compiling objtuple.c...
compiling opmethods.c...
compiling objstringio.c...
compiling objzip.c...
compiling objtype.c...
compiling objstr.c...
compiling reader.c...
compiling persistentcode.c...
compiling parsenum.c...
compiling qstr.c...
compiling parse.c...
compiling repl.c...
compiling runtime.c...
compiling showbc.c...
compiling runtime_utils.c...
compiling scope.c...
compiling scheduler.c...
compiling sequence.c...
compiling stackctrl.c...
compiling stream.c...
compiling vstr.c...
compiling nlrx64.c...
compiling nlrx86.c...
compiling warning.c...
compiling nlrxtensa.c...
compiling timeutils.c...
compiling interrupt_char.c...
compiling readline.c...
compiling netutils.c...
compiling pyexec.c...
compiling printf.c...
compiling machine_mem.c...
compiling machine_pinbase.c...
compiling machine_i2c.c...
compiling machine_signal.c...
compiling machine_pulse.c...
compiling machine_spi.c...
compiling modbtree.c...
compiling modframebuf.c...
compiling modubinascii.c...
compiling moductypes.c...
compiling vm.c...
..\..\py\vm.c(1392): warning:  #1293-D: assignment in condition
                  while ((c = *ip)) {
..\..\py\vm.c: 1 warning, 0 errors
compiling moduhashlib.c...
compiling moduheapq.c...
compiling modujson.c...
compiling modurandom.c...
compiling modutimeq.c...
compiling moduselect.c...
compiling modure.c...
compiling modussl_axtls.c...
compiling moduzlib.c...
compiling modwebsocket.c...
compiling uos_dupterm.c...
compiling modwebrepl.c...
compiling utime_mphal.c...
compiling vfs.c...
compiling vfs_fat.c...
compiling virtpin.c...
compiling vfs_fat_file.c...
compiling vfs_reader.c...
compiling vfs_fat_diskio.c...
compiling vfs_fat_misc.c...
compiling frozen_mpy.c...
compiling pins_omvrt1.c...
compiling fatfs_port.c...
compiling bufhelper.c...
compiling adc.c...
..\nxp_rt1050_60\adc.c(201): warning:  #186-D: pointless comparison of unsigned integer with zero
      if (
DC_FIRST_GPIO_CHANNEL <= channel && channel <= ADC_LAST_GPIO_CHANNEL) {
..\nxp_rt1050_60\adc.c(309): warning:  #177-D: variable "self" was declared but never referenced
      pyb_adc_all_obj_t *self = MP_OBJ_TO_PTR(self_in);
..\nxp_rt1050_60\adc.c: 2 warnings, 0 errors
compiling isr.c...
..\nxp_rt1050_60\isr.c(483): warning:  #186-D: pointless comparison of unsigned integer with zero
  	for (i=0; i<
RRAY_SIZE(s_ignrList); i++) {
..\nxp_rt1050_60\isr.c: 1 warning, 0 errors
compiling dma.c...
compiling help.c...
compiling gccollect.c...
compiling led.c...
compiling main.c...
..\nxp_rt1050_60\main.c(877): warning:  #223-D: function "i2c_init0" declared implicitly
  	i2c_init0();
..\nxp_rt1050_60\main.c(878): warning:  #223-D: function "spi_init0" declared implicitly
  	spi_init0();
..\nxp_rt1050_60\main.c(280): warning:  #177-D: function "init_flash_fs" was declared but never referenced
  MP_NOINLINE STATIC bool init_flash_fs(uint reset_mode) {
..\nxp_rt1050_60\main.c: 3 warnings, 0 errors
compiling irq.c...
compiling modpyb.c...
compiling modmachine.c...
compiling main_omv.c...
..\nxp_rt1050_60\main_omv.c(250): warning:  #177-D: label "MainLoop" was declared but never referenced
   MainLoop:
..\nxp_rt1050_60\main_omv.c: 1 warning, 0 errors
compiling modmcu.c...
compiling moduos.c...
compiling pendsv.c...
..\nxp_rt1050_60\pendsv.c(202): warning: A1581W: Added 2 bytes of padding at address 0x12
compiling mpthreadport.c...
compiling modusocket.c...
compiling mphalport.c...
compiling modutime.c...
compiling pin.c...
compiling pin_named_pins.c...
compiling rtc.c...
..\nxp_rt1050_60\rtc.c(123): warning:  #550-D: variable "sec" was set but never used
      uint32_t sec;
..\nxp_rt1050_60\rtc.c(125): warning:  #550-D: variable "index" was set but never used
      uint8_t index;
..\nxp_rt1050_60\rtc.c(41): warning:  #177-D: variable "rtc_info" was declared but never referenced
  static mp_uint_t rtc_info;
..\nxp_rt1050_60\rtc.c(51): warning:  #177-D: function "RTC_CalendarConfig" was declared but never referenced
  STATIC void RTC_CalendarConfig(void);
..\nxp_rt1050_60\rtc.c(54): warning:  #177-D: variable "rtc_use_lse" was declared but never referenced
  STATIC bool rtc_use_lse = true;
..\nxp_rt1050_60\rtc.c(58): warning:  #177-D: variable "rtc_startup_tick" was declared but never referenced
  STATIC uint32_t rtc_startup_tick;
..\nxp_rt1050_60\rtc.c(59): warning:  #177-D: variable "rtc_need_init_finalise" was declared but never referenced
  STATIC bool rtc_need_init_finalise = false;
..\nxp_rt1050_60\rtc.c(63): warning:  #177-D: function "lse_magic" was declared but never referenced
  STATIC bool lse_magic(void) {
..\nxp_rt1050_60\rtc.c(158): warning:  #177-D: variable "pyb_rtc_obj" was declared but never referenced
  STATIC const pyb_rtc_obj_t pyb_rtc_obj = {{&pyb_rtc_type}};
..\nxp_rt1050_60\rtc.c: 9 warnings, 0 errors
compiling pybstdio.c...
compiling pybthread.c...
compiling rng.c...
compiling i2c.c...
..\nxp_rt1050_60\i2c.c(810): warning:  #550-D: variable "mem_addr_size" was set but never used
      mp_uint_t mem_addr_size = 1;
..\nxp_rt1050_60\i2c.c: 1 warning, 0 errors
compiling sdcard.c...
compiling storage.c...
compiling systick.c...
compiling spi.c...
..\nxp_rt1050_60\spi.c(90): warning:  #69-D: integer conversion resulted in truncation
      {{&pyb_spi_type}, 0, PYB_SPI_0, 0, 0 , 0, 1000000, 
..\nxp_rt1050_60\spi.c: 1 warning, 0 errors
compiling usb_app.c...
compiling uart.c...
..\nxp_rt1050_60\uart.c(367): warning:  #177-D: function "uart_wait_flag_set" was declared but never referenced
  STATIC bool uart_wait_flag_set(pyb_uart_obj_t *self, uint32_t flag, uint32_t timeout) {
..\nxp_rt1050_60\uart.c: 1 warning, 0 errors
compiling usbd_msc_storage.c...
..\nxp_rt1050_60\usbd_msc_storage.c(231): warning:  #177-D: variable "errorCode" was declared but never referenced
      status_t errorCode = kStatus_Success;
..\nxp_rt1050_60\usbd_msc_storage.c(232): warning:  #177-D: variable "lbaInformation" was declared but never referenced
      usb_device_lba_information_struct_t *lbaInformation;
..\nxp_rt1050_60\usbd_msc_storage.c: 2 warnings, 0 errors
compiling usrsw.c...
..\nxp_rt1050_60\usrsw.c(109): warning:  #177-D: variable "switch_callback_obj" was declared but never referenced
  STATIC MP_DEFINE_CONST_FUN_OBJ_1(switch_callback_obj, switch_callback);
..\nxp_rt1050_60\usrsw.c: 1 warning, 0 errors
compiling hal_wrapper.c...
compiling uniqueID.c...
compiling pin_defs_mcu.c...
compiling pwm.c...
compiling usb_device_dci.c...
compiling composite.c...
compiling usb_osa_bm.c...
compiling usb_device_class.c...
compiling usb_device_ch9.c...
compiling usb_device_descriptor.c...
compiling usb_device_cdc_acm.c...
compiling usb_device_msc.c...
compiling virtual_com.c...
..\nxp_rt1050_60\usb_cdc_msc\virtual_com.c(149): warning:  #550-D: variable "last_packet" was set but never used
  static uint32_t last_packet = 0;
..\nxp_rt1050_60\usb_cdc_msc\virtual_com.c: 1 warning, 0 errors
compiling usb_device_msc_ufi.c...
compiling ring_buffer.c...
compiling usb_phy.c...
compiling mutex.c...
compiling usb_device_ehci.c...
compiling xalloc.c...
compiling sensor.c...
..\nxp_rt1050_60\omv\sensor.c(676): warning:  #550-D: variable "burstBytes" was set but never used
  	uint32_t burstBytes;
..\nxp_rt1050_60\omv\sensor.c(704): warning:  #167-D: argument of type "framebuffer_t *" is incompatible with parameter of type "uint32_t"
  	DCACHE_CleanByRange(
AIN_FB(), 32);
..\nxp_rt1050_60\omv\sensor.c(176): warning:  #177-D: function "cambus_writes" was declared but never referenced
  static status_t cambus_writes(uint8_t slv_addr, const ov7725_reg_t regs[], uint32_t num)
..\nxp_rt1050_60\omv\sensor.c(361): warning:  #177-D: variable "ov7725Resource" was declared but never referenced
  static ov7725_resource_t ov7725Resource = {
..\nxp_rt1050_60\omv\sensor.c: 4 warnings, 0 errors
compiling usbdbg.c...
compiling array.c...
compiling fb_alloc.c...
compiling ff_wrapper.c...
compiling py_gif.c...
compiling py_lcd_omvrt1.c...
..\nxp_rt1050_60\omv\py\py_lcd_omvrt1.c(417): warning:  #167-D: argument of type "uint8_t" is incompatible with parameter of type "uint8_t *"
                  lcd_write_data(s_width*2, zero);
..\nxp_rt1050_60\omv\py\py_lcd_omvrt1.c: 1 warning, 0 errors
compiling py_mjpeg.c...
compiling py_omv.c...
compiling py_nn.c...
compiling py_time.c...
compiling py_helper.c...
compiling gif.c...
compiling py_sensor.c...
compiling imlib.c...
compiling py_image.c...
linking...
.\Flh+RAM_1060.sct(33): warning: L6314W: No section matches pattern *(InRoot$$Section).
.\Flh+RAM_1060.sct(118): warning: L6314W: No section matches pattern *(.ram_const).
.\Flh+RAM_1060.sct(126): warning: L6314W: No section matches pattern *(.lcd_fb).
Program Size: Code=541316 RO-data=621352 RW-data=40128 ZI-data=424140  
Finished: 0 information, 3 warning and 0 error messages.
After Build - User command #1: fromelf --bincombined --output=omvrt.bin C:\Users\nxf48054\Desktop\share\newone\test_floder\micropython-rocky\ports\prj_keil_rt1060\Objects\mpyrt_flexspi.axf
".\Objects\mpyrt_flexspi.axf" - 0 Error(s), 36 Warning(s).

<h2>Software Packages used:</h2>

Package Vendor: Keil
                http://www.keil.com/pack/Keil.ARM_Compiler.1.5.0.pack
                Keil.ARM Compiler::Compiler:I/O:STDIN:ITM:1.2.0
                Keil ARM Compiler extensions for ARM Compiler 5 and ARM Compiler 6
   * Component: STDIN Variant: ITM Version: 1.2.0
   * Component: STDERR Variant: ITM Version: 1.2.0
   * Component: STDOUT Variant: ITM Version: 1.2.0

<h2>Collection of Component include folders:</h2>
  C:\Users\nxf48054\Desktop\share\newone\test_floder\micropython-rocky\ports\prj_keil_rt1060\RTE
  C:\Keil_v5\ARM\PACK\NXP\iMXRT_DFP\1.0.2\Device\Include

<h2>Collection of Component Files used:</h2>

   * Component: Keil.ARM Compiler::Compiler:I/O:STDIN:ITM:1.2.0
      Source file:   Source\retarget_io.c

   * Component: Keil.ARM Compiler::Compiler:I/O:STDERR:ITM:1.2.0
      Source file:   Source\retarget_io.c

   * Component: Keil.ARM Compiler::Compiler:I/O:STDOUT:ITM:1.2.0
      Source file:   Source\retarget_io.c
Build Time Elapsed:  00:00:48
</pre>
</body>
</html>
