<html>
<body>
<pre>
<h1>µVision Build Log</h1>
<h2>Tool Versions:</h2>
IDE-Version: ¦ÌVision V5.21.1.0
Copyright (C) 2016 ARM Ltd and ARM Germany GmbH. All rights reserved.
License Information: peng nxf48054, nku, LIC=65ITG-VTXSK-01GP1-C5664-ELB24-Y7CSB
 
Tool Versions:
Toolchain:       MDK-ARM Plus  Version: 5.21a
Toolchain Path:  C:\Keil_v5\ARM\ARMCC\Bin
C Compiler:      Armcc.exe V5.06 update 3 (build 300)
Assembler:       Armasm.exe V5.06 update 3 (build 300)
Linker/Locator:  ArmLink.exe V5.06 update 3 (build 300)
Library Manager: ArmAr.exe V5.06 update 3 (build 300)
Hex Converter:   FromElf.exe V5.06 update 3 (build 300)
CPU DLL:         SARMCM3.DLL V5.21a
Dialog DLL:      DCM.DLL V1.13.8.0
Target DLL:      Segger\JL2CM3.dll V2.99.23.0
Dialog DLL:      TCM.DLL V1.14.14.0
 
<h2>Project:</h2>
C:\Users\nxf48054\Desktop\share\micropython-rocky\ports\prj_keil_pyb_rt1050\mpyrt1050.uvprojx
Project File Date:  07/30/2018

<h2>Output:</h2>
*** Using Compiler 'V5.06 update 3 (build 300)', folder: 'C:\Keil_v5\ARM\ARMCC\Bin'
Build target 'debug_flexspi'
compiling argcheck.c...
compiling asmbase.c...
compiling asmthumb.c...
compiling bc.c...
compiling builtinevex.c...
compiling binary.c...
compiling builtinhelp.c...
compiling emitcommon.c...
compiling emitbc.c...
compiling emitglue.c...
compiling builtinimport.c...
compiling emitinlinethumb.c...
compiling emitnative.c...
..\..\py\emitnative.c(1894): warning:  #186-D: pointless comparison of unsigned integer with zero
          } else if (MP_BINARY_OP_LESS <= op && op <= MP_BINARY_OP_NOT_EQUAL) {
..\..\py\emitnative.c: 1 warning, 0 errors
compiling compile.c...
compiling malloc.c...
compiling frozenmod.c...
compiling formatfloat.c...
compiling lexer.c...
compiling gc.c...
compiling map.c...
compiling modarray.c...
compiling modcmath.c...
compiling modcollections.c...
compiling modbuiltins.c...
compiling modgc.c...
compiling modio.c...
compiling modmath.c...
compiling modmicropython.c...
compiling modsys.c...
compiling modstruct.c...
compiling modthread.c...
compiling moduerrno.c...
compiling mpprint.c...
compiling mpstate.c...
compiling nativeglue.c...
compiling nlrsetjmp.c...
compiling nlrthumb.c...
compiling mpz.c...
compiling obj.c...
compiling objarray.c...
compiling objattrtuple.c...
compiling objcell.c...
compiling objclosure.c...
compiling objboundmeth.c...
compiling objbool.c...
compiling objcomplex.c...
compiling objdict.c...
compiling objenumerate.c...
compiling objexcept.c...
..\..\py\objexcept.c(482): warning:  #42-D: operand types are incompatible ("mp_obj_exception_t *" and "int")
  	if (self < 0x8000) {
..\..\py\objexcept.c(482): warning:  #152-D: conversion of nonzero integer to pointer
  	if (self < 0x8000) {
..\..\py\objexcept.c: 2 warnings, 0 errors
compiling objfilter.c...
compiling objfun.c...
compiling objfloat.c...
compiling objgetitemiter.c...
compiling objgenerator.c...
compiling objint.c...
compiling objint_mpz.c...
compiling objmap.c...
compiling objint_longlong.c...
compiling objlist.c...
compiling objnamedtuple.c...
compiling objmodule.c...
compiling objnone.c...
compiling objpolyiter.c...
compiling objproperty.c...
compiling objobject.c...
compiling objrange.c...
compiling objreversed.c...
compiling objset.c...
compiling objsingleton.c...
compiling objslice.c...
compiling objstringio.c...
compiling objstrunicode.c...
compiling objtuple.c...
compiling objstr.c...
compiling objtype.c...
compiling objzip.c...
compiling opmethods.c...
compiling parsenum.c...
compiling parse.c...
compiling persistentcode.c...
compiling parsenumbase.c...
compiling qstr.c...
compiling reader.c...
compiling repl.c...
compiling runtime_utils.c...
compiling scheduler.c...
compiling runtime.c...
compiling scope.c...
compiling sequence.c...
compiling showbc.c...
compiling smallint.c...
compiling unicode.c...
compiling stackctrl.c...
compiling stream.c...
compiling warning.c...
compiling vstr.c...
compiling asmarm.c...
compiling asmx64.c...
compiling asmx86.c...
compiling asmxtensa.c...
compiling string0.c...
compiling nlrx64.c...
compiling nlrx86.c...
compiling nlrxtensa.c...
compiling ccsbcs.c...
compiling timeutils.c...
compiling readline.c...
compiling netutils.c...
compiling ff.c...
compiling interrupt_char.c...
compiling pyexec.c...
compiling printf.c...
compiling machine_mem.c...
compiling machine_pinbase.c...
compiling machine_pulse.c...
compiling machine_i2c.c...
compiling vm.c...
..\..\py\vm.c(1392): warning:  #1293-D: assignment in condition
                  while ((c = *ip)) {
..\..\py\vm.c: 1 warning, 0 errors
compiling machine_signal.c...
compiling modframebuf.c...
compiling modbtree.c...
compiling machine_spi.c...
compiling modubinascii.c...
compiling moductypes.c...
compiling moduhashlib.c...
compiling moduheapq.c...
compiling modurandom.c...
compiling moduselect.c...
compiling modujson.c...
compiling modussl_mbedtls.c...
compiling modure.c...
compiling modussl_axtls.c...
compiling modutimeq.c...
compiling moduzlib.c...
compiling uos_dupterm.c...
compiling modwebsocket.c...
compiling modwebrepl.c...
compiling utime_mphal.c...
compiling vfs.c...
compiling vfs_fat_misc.c...
compiling vfs_fat_diskio.c...
compiling vfs_fat.c...
compiling vfs_fat_file.c...
compiling vfs_reader.c...
compiling virtpin.c...
compiling fsl_adc.c...
compiling fsl_adc_etc.c...
compiling fsl_aoi.c...
compiling fsl_aipstz.c...
compiling fsl_cache.c...
compiling fsl_bee.c...
compiling fsl_clock.c...
compiling fsl_cmp.c...
compiling fsl_common.c...
compiling fsl_csi.c...
compiling fsl_dcdc.c...
compiling fsl_dmamux.c...
compiling fsl_dcp.c...
compiling fsl_elcdif.c...
compiling fsl_edma.c...
compiling fsl_ewm.c...
compiling fsl_enc.c...
compiling fsl_enet.c...
compiling fsl_flexram.c...
compiling fsl_flexcan.c...
compiling fsl_gpc.c...
compiling fsl_flexspi.c...
compiling fsl_gpt.c...
compiling fsl_kpp.c...
compiling fsl_gpio.c...
compiling fsl_lpi2c_edma.c...
compiling fsl_lpi2c.c...
compiling fsl_lpspi.c...
compiling fsl_lpspi_edma.c...
compiling fsl_lpuart_edma.c...
compiling fsl_lpuart.c...
compiling fsl_pit.c...
compiling fsl_pmu.c...
compiling fsl_pwm.c...
compiling fsl_pxp.c...
compiling fsl_qtmr.c...
compiling fsl_rtwdog.c...
compiling fsl_sai_edma.c...
compiling fsl_snvs_hp.c...
compiling fsl_sai.c...
compiling fsl_semc.c...
compiling fsl_spdif.c...
compiling fsl_snvs_lp.c...
compiling fsl_spdif_edma.c...
compiling fsl_src.c...
compiling fsl_trng.c...
compiling fsl_tsc.c...
compiling fsl_usdhc.c...
compiling fsl_xbara.c...
compiling fsl_wdog.c...
compiling fsl_csi_camera_adapter.c...
compiling fsl_xbarb.c...
compiling fsl_debug_console.c...
compiling fsl_log.c...
compiling fsl_str.c...
compiling fsl_assert.c...
assembling startup_MIMXRT1052.s...
..\nxp_rt1050_60\startup_MIMXRT1052.s(420): warning: A1609W: MOV <rd>,pc instruction does not set bit zero, so does not create a return address
assembling gchelper_armccv5.S...
compiling fsl_shell.c...
compiling fsl_io.c...
compiling frozen_mpy.c...
compiling pins_omvrt1.c...
compiling system_MIMXRT1052.c...
compiling bufhelper.c...
compiling dma.c...
compiling isr.c...
..\nxp_rt1050_60\isr.c(483): warning:  #186-D: pointless comparison of unsigned integer with zero
  	for (i=0; i<
RRAY_SIZE(s_ignrList); i++) {
..\nxp_rt1050_60\isr.c: 1 warning, 0 errors
compiling adc.c...
..\nxp_rt1050_60\adc.c(201): warning:  #186-D: pointless comparison of unsigned integer with zero
      if (
DC_FIRST_GPIO_CHANNEL <= channel && channel <= ADC_LAST_GPIO_CHANNEL) {
..\nxp_rt1050_60\adc.c(309): warning:  #177-D: variable "self" was declared but never referenced
      pyb_adc_all_obj_t *self = MP_OBJ_TO_PTR(self_in);
..\nxp_rt1050_60\adc.c: 2 warnings, 0 errors
compiling fatfs_port.c...
compiling gccollect.c...
compiling help.c...
compiling irq.c...
compiling led.c...
compiling main.c...
..\nxp_rt1050_60\main.c(275): warning:  #177-D: function "init_flash_fs" was declared but never referenced
  MP_NOINLINE STATIC bool init_flash_fs(uint reset_mode) {
..\nxp_rt1050_60\main.c: 1 warning, 0 errors
compiling modpyb.c...
compiling modmachine.c...
compiling main_omv.c...
..\nxp_rt1050_60\main_omv.c(86): warning:  #940-D: missing return statement at end of non-void function "py_image_cobj"
  void* py_image_cobj(mp_obj_t img_obj) {}
..\nxp_rt1050_60\main_omv.c(250): warning:  #177-D: label "MainLoop" was declared but never referenced
   MainLoop:
..\nxp_rt1050_60\main_omv.c: 2 warnings, 0 errors
compiling modmcu.c...
compiling moduos.c...
compiling modusocket.c...
compiling modutime.c...
compiling pendsv.c...
..\nxp_rt1050_60\pendsv.c(202): warning: A1581W: Added 2 bytes of padding at address 0x12
compiling mpthreadport.c...
compiling mphalport.c...
compiling pin.c...
compiling pin_named_pins.c...
compiling pybstdio.c...
compiling pybthread.c...
compiling storage.c...
compiling systick.c...
compiling sdcard.c...
compiling uart.c...
..\nxp_rt1050_60\uart.c(367): warning:  #177-D: function "uart_wait_flag_set" was declared but never referenced
  STATIC bool uart_wait_flag_set(pyb_uart_obj_t *self, uint32_t flag, uint32_t timeout) {
..\nxp_rt1050_60\uart.c: 1 warning, 0 errors
compiling usbd_msc_storage.c...
..\nxp_rt1050_60\usbd_msc_storage.c(231): warning:  #177-D: variable "errorCode" was declared but never referenced
      status_t errorCode = kStatus_Success;
..\nxp_rt1050_60\usbd_msc_storage.c(232): warning:  #177-D: variable "lbaInformation" was declared but never referenced
      usb_device_lba_information_struct_t *lbaInformation;
..\nxp_rt1050_60\usbd_msc_storage.c: 2 warnings, 0 errors
compiling usb_app.c...
compiling usrsw.c...
compiling hal_wrapper.c...
compiling flash_hyper.c...
..\nxp_rt1050_60\flash_hyper.c(405): warning:  #177-D: variable "i" was declared but never referenced
      uint32_t i = 0;
..\nxp_rt1050_60\flash_hyper.c(52): warning:  #177-D: variable "s_hyperflash_program_buffer" was declared but never referenced
  static uint8_t s_hyperflash_program_buffer[FLASH_PAGE_SIZE];
..\nxp_rt1050_60\flash_hyper.c(53): warning:  #177-D: variable "s_hyperflash_read_buffer" was declared but never referenced
  static uint8_t s_hyperflash_read_buffer[FLASH_PAGE_SIZE];
..\nxp_rt1050_60\flash_hyper.c: 3 warnings, 0 errors
compiling pin_defs_mcu.c...
compiling flash_pgm.c...
compiling board.c...
compiling clock_config.c...
..\nxp_rt1050_60\boards\omvrt1\clock_config.c(62): warning:  #177-D: function "BOARD_BootClockGate" was declared but never referenced
  static void BOARD_BootClockGate(void)
..\nxp_rt1050_60\boards\omvrt1\clock_config.c: 1 warning, 0 errors
compiling pin_mux.c...
compiling usb_osa_bm.c...
compiling usb_device_dci.c...
compiling composite.c...
compiling usb_device_class.c...
compiling usb_device_ch9.c...
compiling usb_device_cdc_acm.c...
compiling usb_device_descriptor.c...
compiling usb_device_msc_ufi.c...
compiling usb_device_msc.c...
compiling virtual_com.c...
..\nxp_rt1050_60\usb_cdc_msc\virtual_com.c(149): warning:  #550-D: variable "last_packet" was set but never used
  static uint32_t last_packet = 0;
..\nxp_rt1050_60\usb_cdc_msc\virtual_com.c: 1 warning, 0 errors
compiling usb_phy.c...
compiling ring_buffer.c...
compiling usb_device_ehci.c...
compiling fsl_flexspi_nor_boot.c...
compiling fsl_sd.c...
..\nxp_rt1050_60\sdmmc\fsl_sd.c(367): warning:  #177-D: function "SD_SwitchVoltage" was declared but never referenced
  static status_t SD_SwitchVoltage(sd_card_t *card)
..\nxp_rt1050_60\sdmmc\fsl_sd.c: 1 warning, 0 errors
compiling fsl_sdmmc_common.c...
compiling fsl_sdmmc_host.c...
compiling fsl_sdmmc_event.c...
compiling fsl_flexspi_nor_flash.c...
compiling mutex.c...
compiling flegftl.c...
compiling xalloc.c...
compiling usbdbg.c...
..\nxp_rt1050_60\omv\usbdbg.c(368): warning:  #177-D: variable "attr" was declared but never referenced
              int16_t attr= *((int16_t*)buffer);
..\nxp_rt1050_60\omv\usbdbg.c(369): warning:  #177-D: variable "val" was declared but never referenced
              int16_t val = *((int16_t*)buffer+1);
..\nxp_rt1050_60\omv\usbdbg.c: 2 warnings, 0 errors
compiling array.c...
compiling umm_malloc.c...
compiling ini.c...
..\nxp_rt1050_60\omv\ini.c(114): warning:  #186-D: pointless comparison of unsigned integer with zero
          if ((digit < 0) || (digit > 9)) {
..\nxp_rt1050_60\omv\ini.c: 1 warning, 0 errors
compiling ff_wrapper.c...
compiling fmath.c...
compiling retarget_io.c...
compiling py_omv.c...
compiling py_time.c...
compiling py_helper.c...
linking...
.\Flh+RAM.sct(33): warning: L6314W: No section matches pattern *(InRoot$$Section).
.\Flh+RAM.sct(67): warning: L6314W: No section matches pattern sincos_tab.o(RO).
.\Flh+RAM.sct(69): warning: L6314W: No section matches pattern *(.ram_const).
Program Size: Code=264464 RO-data=83104 RW-data=3464 ZI-data=25392  
Finished: 0 information, 3 warning and 0 error messages.
After Build - User command #1: fromelf --bincombined --output=omvrt.bin C:\Users\nxf48054\Desktop\share\micropython-rocky\ports\prj_keil_pyb_rt1050\Objects\mpyrt_flexspi.axf
".\Objects\mpyrt_flexspi.axf" - 0 Error(s), 27 Warning(s).

<h2>Software Packages used:</h2>

Package Vendor: Keil
                http://www.keil.com/pack/Keil.ARM_Compiler.1.4.0.pack
                Keil.ARM Compiler::Compiler:I/O:STDIN:ITM:1.4.0
                Keil ARM Compiler extensions for ARM Compiler 5 and ARM Compiler 6
   * Component: STDIN Variant: ITM Version: 1.4.0
   * Component: STDERR Variant: ITM Version: 1.4.0
   * Component: STDOUT Variant: ITM Version: 1.4.0

<h2>Collection of Component include folders:</h2>
  C:\Users\nxf48054\Desktop\share\micropython-rocky\ports\prj_keil_pyb_rt1050\RTE
  C:\Keil_v5\ARM\PACK\NXP\iMXRT_DFP\1.0.2\Device\Include

<h2>Collection of Component Files used:</h2>

   * Component: Keil.ARM Compiler::Compiler:I/O:STDIN:ITM:1.4.0
      Source file:   Source\retarget_io.c

   * Component: Keil.ARM Compiler::Compiler:I/O:STDERR:ITM:1.4.0
      Source file:   Source\retarget_io.c

   * Component: Keil.ARM Compiler::Compiler:I/O:STDOUT:ITM:1.4.0
      Source file:   Source\retarget_io.c
Build Time Elapsed:  00:00:39
</pre>
</body>
</html>
