<html>
<body>
<pre>
<h1>µVision Build Log</h1>
<h2>Tool Versions:</h2>
IDE-Version: ¦ÌVision V5.27.1.0
Copyright (C) 2019 ARM Ltd and ARM Germany GmbH. All rights reserved.
License Information: peng nxf48054, nku, LIC=R4HMM-GTMBF-VJJPT-92ZCY-3FT8E-5BIH8
 
Tool Versions:
Toolchain:       MDK-ARM Professional  Version: 5.27.1.0
Toolchain Path:  C:\Keil_v5\ARM\ARMCC\Bin
C Compiler:      Armcc.exe V5.06 update 6 (build 750)
Assembler:       Armasm.exe V5.06 update 6 (build 750)
Linker/Locator:  ArmLink.exe V5.06 update 6 (build 750)
Library Manager: ArmAr.exe V5.06 update 6 (build 750)
Hex Converter:   FromElf.exe V5.06 update 6 (build 750)
CPU DLL:         SARMCM3.DLL V5.27.1.0
Dialog DLL:      DCM.DLL V1.17.2.0
Target DLL:      Segger\JL2CM3.dll V2.99.35.0
Dialog DLL:      TCM.DLL V1.36.1.0
 
<h2>Project:</h2>
C:\Users\nxf48054\Desktop\share\newone\micropython-rocky\ports\prj_keil_rt1060\mpyrt1060.uvprojx
Project File Date:  05/07/2020

<h2>Output:</h2>
*** Using Compiler 'V5.06 update 6 (build 750)', folder: 'C:\Keil_v5\ARM\ARMCC\Bin'
Build target 'dbg_evk1060_qspi'
compiling readline.c...
compiling storage.c...
linking...
.\Flh+RAM+SDRAM.sct(32): warning: L6314W: No section matches pattern *(InRoot$$Section).
.\Flh+RAM+SDRAM.sct(92): warning: L6314W: No section matches pattern *(.ram_const).
Program Size: Code=600478 RO-data=647302 RW-data=576464 ZI-data=2258980  
Finished: 0 information, 2 warning and 0 error messages.
FromELF: creating hex file...
".\out_evk1050_qspi\objects\mpyrt_evk1060_qspi.axf" - 0 Error(s), 2 Warning(s).

<h2>Software Packages used:</h2>

Package Vendor: NXP
                http://mcuxpresso.nxp.com/cmsis_pack/repo/NXP.MIMXRT1062_DFP.12.0.0.pack
                NXP.MIMXRT1062_DFP.12.0.0
                Device Family Pack for MIMXRT1062

<h2>Collection of Component include folders:</h2>
  .\RTE\_dbg_evk1060_qspi
  C:\Keil_v5\ARM\PACK\NXP\MIMXRT1062_DFP\12.0.0

<h2>Collection of Component Files used:</h2>
Build Time Elapsed:  00:00:08
</pre>
</body>
</html>
